Component: ARM Compiler 5.06 update 1 (build 61) Tool: armlink [4d35a8]

==============================================================================

Section Cross References

    main.o(i.Config_SystemClock) refers to stm32f4xx_rcc.o(i.RCC_DeInit) for RCC_DeInit
    main.o(i.Config_SystemClock) refers to stm32f4xx_rcc.o(i.RCC_HSEConfig) for RCC_HSEConfig
    main.o(i.Config_SystemClock) refers to stm32f4xx_rcc.o(i.RCC_HSICmd) for RCC_HSICmd
    main.o(i.Config_SystemClock) refers to stm32f4xx_rcc.o(i.RCC_WaitForHSEStartUp) for RCC_WaitForHSEStartUp
    main.o(i.Config_SystemClock) refers to stm32f4xx_rcc.o(i.RCC_ClockSecuritySystemCmd) for RCC_ClockSecuritySystemCmd
    main.o(i.Config_SystemClock) refers to stm32f4xx_rcc.o(i.RCC_PLLConfig) for RCC_PLLConfig
    main.o(i.Config_SystemClock) refers to stm32f4xx_rcc.o(i.RCC_PLLCmd) for RCC_PLLCmd
    main.o(i.Config_SystemClock) refers to stm32f4xx_rcc.o(i.RCC_HCLKConfig) for RCC_HCLKConfig
    main.o(i.Config_SystemClock) refers to stm32f4xx_rcc.o(i.RCC_PCLK1Config) for RCC_PCLK1Config
    main.o(i.Config_SystemClock) refers to stm32f4xx_rcc.o(i.RCC_PCLK2Config) for RCC_PCLK2Config
    main.o(i.Config_SystemClock) refers to stm32f4xx_rcc.o(i.RCC_GetFlagStatus) for RCC_GetFlagStatus
    main.o(i.Config_SystemClock) refers to stm32f4xx_rcc.o(i.RCC_SYSCLKConfig) for RCC_SYSCLKConfig
    main.o(i.IWDG_RST) refers to stm32f4xx_rcc.o(i.RCC_GetFlagStatus) for RCC_GetFlagStatus
    main.o(i.IWDG_RST) refers to stm32f4xx_rcc.o(i.RCC_ClearFlag) for RCC_ClearFlag
    main.o(i.IWDG_RST) refers to main.o(.data) for .data
    main.o(i.flash_cali) refers to bsp_flash.o(i.BSP_FLASH_READ) for BSP_FLASH_READ
    main.o(i.flash_cali) refers to bsp_flash.o(.bss) for cali_param
    main.o(i.flash_cali) refers to gimbal_task.o(.bss) for gimbal
    main.o(i.main) refers to delay.o(i.SysTick_Init) for SysTick_Init
    main.o(i.main) refers to main.o(i.IWDG_RST) for IWDG_RST
    main.o(i.main) refers to misc.o(i.NVIC_PriorityGroupConfig) for NVIC_PriorityGroupConfig
    main.o(i.main) refers to usbd_core.o(i.USBD_Init) for USBD_Init
    main.o(i.main) refers to stm32_tim_base.o(i.TIM_BASE_Init) for TIM_BASE_Init
    main.o(i.main) refers to gpio.o(i.GPIO_INIT) for GPIO_INIT
    main.o(i.main) refers to tim.o(i.TIM8_DEVICE) for TIM8_DEVICE
    main.o(i.main) refers to tim.o(i.TIM10_DEVICE) for TIM10_DEVICE
    main.o(i.main) refers to can.o(i.CAN1_DEVICE) for CAN1_DEVICE
    main.o(i.main) refers to can.o(i.CAN2_DEVICE) for CAN2_DEVICE
    main.o(i.main) refers to usart.o(i.USART3_DEVICE) for USART3_DEVICE
    main.o(i.main) refers to usart.o(i.USART1_DEVICE) for USART1_DEVICE
    main.o(i.main) refers to usart.o(i.USART6_DEVICE) for USART6_DEVICE
    main.o(i.main) refers to spi.o(i.SPI_DEVICE) for SPI_DEVICE
    main.o(i.main) refers to chassis_task.o(i.chassis_param_init) for chassis_param_init
    main.o(i.main) refers to shoot_task.o(i.shoot_param_init) for shoot_param_init
    main.o(i.main) refers to detect_task.o(i.detect_param_init) for detect_param_init
    main.o(i.main) refers to judge_rx_data.o(i.judgement_rx_param_init) for judgement_rx_param_init
    main.o(i.main) refers to judge_tx_data.o(i.judgement_tx_param_init) for judgement_tx_param_init
    main.o(i.main) refers to bsp_dwt.o(i.DWT_Init) for DWT_Init
    main.o(i.main) refers to stm32f4xx_gpio.o(i.GPIO_SetBits) for GPIO_SetBits
    main.o(i.main) refers to bsp_iwdg.o(i.IWDG_Config) for IWDG_Config
    main.o(i.main) refers to bsp_can.o(i.Motor_Init) for Motor_Init
    main.o(i.main) refers to start_tack.o(i.TASK_START) for TASK_START
    main.o(i.main) refers to tasks.o(i.vTaskStartScheduler) for vTaskStartScheduler
    main.o(i.main) refers to usbd_usr.o(.data) for USR_cb
    main.o(i.main) refers to usbd_cdc_core.o(.data) for USBD_CDC_cb
    main.o(i.main) refers to usbd_desc.o(.data) for USR_desc
    main.o(i.main) refers to main.o(.bss) for .bss
    stm32f4xx_it.o(i.SysTick_Handler) refers to tasks.o(i.xTaskGetSchedulerState) for xTaskGetSchedulerState
    stm32f4xx_it.o(i.SysTick_Handler) refers to port.o(i.xPortSysTickHandler) for xPortSysTickHandler
    system_stm32f4xx.o(i.SystemCoreClockUpdate) refers to system_stm32f4xx.o(.data) for .data
    system_stm32f4xx.o(i.SystemInit) refers to system_stm32f4xx.o(i.SetSysClock) for SetSysClock
    stm32_tim_base.o(i.HAL_GetTick) refers to stm32_tim_base.o(.data) for .data
    stm32_tim_base.o(i.HAL_IncTick) refers to stm32_tim_base.o(.data) for .data
    stm32_tim_base.o(i.TIM4_IRQHandler) refers to stm32f4xx_tim.o(i.TIM_GetITStatus) for TIM_GetITStatus
    stm32_tim_base.o(i.TIM4_IRQHandler) refers to stm32_tim_base.o(i.HAL_IncTick) for HAL_IncTick
    stm32_tim_base.o(i.TIM4_IRQHandler) refers to stm32f4xx_tim.o(i.TIM_ClearITPendingBit) for TIM_ClearITPendingBit
    stm32_tim_base.o(i.TIM_BASE_Init) refers to stm32f4xx_rcc.o(i.RCC_APB1PeriphClockCmd) for RCC_APB1PeriphClockCmd
[...]
    info_get_task                            0x0800981d   Thumb Code   182  info_get_task.o(i.info_get_task)
    judge_rx_task                            0x080098f9   Thumb Code    72  judge_task.o(i.judge_rx_task)
    judge_tx_task                            0x08009951   Thumb Code    66  judge_task.o(i.judge_tx_task)
    judgement_data_handler                   0x0800999d   Thumb Code   320  judge_rx_data.o(i.judgement_data_handler)
    judgement_rx_param_init                  0x08009ae5   Thumb Code    80  judge_rx_data.o(i.judgement_rx_param_init)
    judgement_tx_param_init                  0x08009b49   Thumb Code    32  judge_tx_data.o(i.judgement_tx_param_init)
    keyboard_chassis_hook                    0x08009b95   Thumb Code    70  keyboard.o(i.keyboard_chassis_hook)
    main                                     0x08009be9   Thumb Code   176  main.o(i.main)
    mode_switch_task                         0x08009e6d   Thumb Code   122  modeswitch_task.o(i.mode_switch_task)
    module_offline_callback                  0x08009f05   Thumb Code    12  detect_task.o(i.module_offline_callback)
    module_offline_detect                    0x08009f11   Thumb Code    54  detect_task.o(i.module_offline_detect)
    osKernelSysTick                          0x08009f4d   Thumb Code    24  stm32_tim_base.o(i.osKernelSysTick)
    pcTaskGetName                            0x08009f65   Thumb Code    30  tasks.o(i.pcTaskGetName)
    pid_calc                                 0x08009f89   Thumb Code   204  pid.o(i.pid_calc)
    pit_encode                               0x0800a0bd   Thumb Code    88  bsp_can.o(i.pit_encode)
    pvPortMalloc                             0x0800aa59   Thumb Code   218  heap_4.o(i.pvPortMalloc)
    pvTaskIncrementMutexHeldCount            0x0800ab3d   Thumb Code    20  tasks.o(i.pvTaskIncrementMutexHeldCount)
    pxPortInitialiseStack                    0x0800ab55   Thumb Code    38  port.o(i.pxPortInitialiseStack)
    remote_ctrl_chassis_hook                 0x0800ac05   Thumb Code    28  remote_ctrl.o(i.remote_ctrl_chassis_hook)
    send_cap_power_can                       0x0800ac25   Thumb Code    48  bsp_can.o(i.send_cap_power_can)
    send_chassis_cur                         0x0800ac59   Thumb Code    86  bsp_can.o(i.send_chassis_cur)
    send_judge_to_gimbal                     0x0800acb5   Thumb Code   110  bsp_can.o(i.send_judge_to_gimbal)
    send_packed_fifo_data                    0x0800ad2d   Thumb Code    52  data_packet.o(i.send_packed_fifo_data)
    send_trig_cur1                           0x0800ad65   Thumb Code    48  bsp_can.o(i.send_trig_cur1)
    shoot_param_init                         0x0800aed1   Thumb Code    84  shoot_task.o(i.shoot_param_init)
    shoot_task                               0x0800af39   Thumb Code   266  shoot_task.o(i.shoot_task)
    sqrtf                                    0x0800b065   Thumb Code    62  sqrtf_full.o(i.sqrtf)
    staic_ui_refresh                         0x0800b0a5   Thumb Code    46  judge_tx_data.o(i.staic_ui_refresh)
    start_task                               0x0800b0dd   Thumb Code   214  start_tack.o(i.start_task)
    ui_fun                                   0x0800b2a1   Thumb Code   824  judge_tx_data.o(i.ui_fun)
    unpack_fifo_data                         0x0800b5ed   Thumb Code   324  data_packet.o(i.unpack_fifo_data)
    usbd_cdc_DataIn                          0x0800b7ad   Thumb Code   102  usbd_cdc_core.o(i.usbd_cdc_DataIn)
    usbd_cdc_DataOut                         0x0800b81d   Thumb Code    42  usbd_cdc_core.o(i.usbd_cdc_DataOut)
    usbd_cdc_DeInit                          0x0800b851   Thumb Code    38  usbd_cdc_core.o(i.usbd_cdc_DeInit)
    usbd_cdc_EP0_RxReady                     0x0800b87d   Thumb Code    30  usbd_cdc_core.o(i.usbd_cdc_EP0_RxReady)
    usbd_cdc_Init                            0x0800b8a5   Thumb Code    72  usbd_cdc_core.o(i.usbd_cdc_Init)
    usbd_cdc_SOF                             0x0800b8f9   Thumb Code    26  usbd_cdc_core.o(i.usbd_cdc_SOF)
    usbd_cdc_Setup                           0x0800b919   Thumb Code   154  usbd_cdc_core.o(i.usbd_cdc_Setup)
    uxListRemove                             0x0800b9c5   Thumb Code    36  list.o(i.uxListRemove)
    uxTaskGetStackHighWaterMark              0x0800b9e9   Thumb Code    14  tasks.o(i.uxTaskGetStackHighWaterMark)
    vListInitialise                          0x0800b9fd   Thumb Code    22  list.o(i.vListInitialise)
    vListInitialiseItem                      0x0800ba13   Thumb Code     6  list.o(i.vListInitialiseItem)
    vListInsert                              0x0800ba19   Thumb Code    54  list.o(i.vListInsert)
    vListInsertEnd                           0x0800ba4f   Thumb Code    24  list.o(i.vListInsertEnd)
    vPortEnterCritical                       0x0800ba69   Thumb Code    54  port.o(i.vPortEnterCritical)
    vPortExitCritical                        0x0800baa9   Thumb Code    38  port.o(i.vPortExitCritical)
    vPortFree                                0x0800bad5   Thumb Code    88  heap_4.o(i.vPortFree)
    vPortSetupTimerInterrupt                 0x0800bb31   Thumb Code    26  port.o(i.vPortSetupTimerInterrupt)
    vPortValidateInterruptPriority           0x0800bb51   Thumb Code    74  port.o(i.vPortValidateInterruptPriority)
    vQueueAddToRegistry                      0x0800bba5   Thumb Code    34  queue.o(i.vQueueAddToRegistry)
    vQueueWaitForMessageRestricted           0x0800bbcd   Thumb Code    74  queue.o(i.vQueueWaitForMessageRestricted)
    vTaskDelayUntil                          0x0800bc19   Thumb Code   146  tasks.o(i.vTaskDelayUntil)
    vTaskDelete                              0x0800bcb5   Thumb Code   160  tasks.o(i.vTaskDelete)
    vTaskMissedYield                         0x0800bd65   Thumb Code     8  tasks.o(i.vTaskMissedYield)
    vTaskNotifyGiveFromISR                   0x0800bd71   Thumb Code   178  tasks.o(i.vTaskNotifyGiveFromISR)
    vTaskPlaceOnEventList                    0x0800be31   Thumb Code    48  tasks.o(i.vTaskPlaceOnEventList)
    vTaskPlaceOnEventListRestricted          0x0800be65   Thumb Code    54  tasks.o(i.vTaskPlaceOnEventListRestricted)
    vTaskPriorityInherit                     0x0800bea1   Thumb Code   130  tasks.o(i.vTaskPriorityInherit)
    vTaskSetTimeOutState                     0x0800bf2d   Thumb Code    32  tasks.o(i.vTaskSetTimeOutState)
    vTaskStartScheduler                      0x0800bf51   Thumb Code   110  tasks.o(i.vTaskStartScheduler)
    vTaskSuspendAll                          0x0800bfd5   Thumb Code    10  tasks.o(i.vTaskSuspendAll)
    vTaskSwitchContext                       0x0800bfe5   Thumb Code    86  tasks.o(i.vTaskSwitchContext)
    verify_crc16_check_sum                   0x0800c059   Thumb Code    62  protocol.o(i.verify_crc16_check_sum)
    verify_crc8_check_sum                    0x0800c09d   Thumb Code    48  protocol.o(i.verify_crc8_check_sum)
    xPortStartScheduler                      0x0800c0cd   Thumb Code   214  port.o(i.xPortStartScheduler)
    xPortSysTickHandler                      0x0800c1c1   Thumb Code    38  port.o(i.xPortSysTickHandler)
    xQueueCreateMutex                        0x0800c1ed   Thumb Code    24  queue.o(i.xQueueCreateMutex)
    xQueueGenericCreate                      0x0800c205   Thumb Code    68  queue.o(i.xQueueGenericCreate)
    xQueueGenericReceive                     0x0800c249   Thumb Code   400  queue.o(i.xQueueGenericReceive)
    xQueueGenericReset                       0x0800c3dd   Thumb Code   138  queue.o(i.xQueueGenericReset)
    xQueueGenericSend                        0x0800c46d   Thumb Code   386  queue.o(i.xQueueGenericSend)
    xQueueGenericSendFromISR                 0x0800c5f5   Thumb Code   212  queue.o(i.xQueueGenericSendFromISR)
    xTaskCheckForTimeOut                     0x0800c6c9   Thumb Code   114  tasks.o(i.xTaskCheckForTimeOut)
    xTaskCreate                              0x0800c741   Thumb Code   104  tasks.o(i.xTaskCreate)
    xTaskGenericNotify                       0x0800c7a9   Thumb Code   196  tasks.o(i.xTaskGenericNotify)
    xTaskGenericNotifyFromISR                0x0800c879   Thumb Code   238  tasks.o(i.xTaskGenericNotifyFromISR)
    xTaskGetHandle                           0x0800c975   Thumb Code   124  tasks.o(i.xTaskGetHandle)
    xTaskGetSchedulerState                   0x0800ca01   Thumb Code    24  tasks.o(i.xTaskGetSchedulerState)
    xTaskGetTickCount                        0x0800ca1d   Thumb Code     6  tasks.o(i.xTaskGetTickCount)
    xTaskGetTickCountFromISR                 0x0800ca29   Thumb Code    12  tasks.o(i.xTaskGetTickCountFromISR)
    xTaskIncrementTick                       0x0800ca39   Thumb Code   200  tasks.o(i.xTaskIncrementTick)
    xTaskNotifyWait                          0x0800cb09   Thumb Code   136  tasks.o(i.xTaskNotifyWait)
    xTaskPriorityDisinherit                  0x0800cb99   Thumb Code   146  tasks.o(i.xTaskPriorityDisinherit)
    xTaskRemoveFromEventList                 0x0800cc35   Thumb Code   108  tasks.o(i.xTaskRemoveFromEventList)
    xTaskResumeAll                           0x0800ccad   Thumb Code   190  tasks.o(i.xTaskResumeAll)
    xTimerCreateTimerTask                    0x0800cd79   Thumb Code    62  timers.o(i.xTimerCreateTimerTask)
    xTimerGenericCommand                     0x0800cdcd   Thumb Code   112  timers.o(i.xTimerGenericCommand)
    CRC8_TAB                                 0x0800ce40   Data         256  protocol.o(.constdata)
    wCRC_Table                               0x0800cf40   Data         512  protocol.o(.constdata)
    sinTable_f32                             0x0800d14c   Data        2052  arm_common_tables.o(.constdata)
    Region$$Table$$Base                      0x0800da70   Number         0  anon$$obj.o(Region$$Table)
    Region$$Table$$Limit                     0x0800dab0   Number         0  anon$$obj.o(Region$$Table)
    IMU_Cali_Flag                            0x10000000   Data           1  main.o(.data)
    uwTick                                   0x10000004   Data           4  stm32_tim_base.o(.data)
    start_Task_Handle                        0x10000008   Data           4  start_tack.o(.data)
    gimbal_Task_Handle                       0x1000000c   Data           4  start_tack.o(.data)
    chassis_Task_Handle                      0x10000010   Data           4  start_tack.o(.data)
    shoot_Task_Handle                        0x10000014   Data           4  start_tack.o(.data)
    can_msg_send_Task_Handle                 0x10000018   Data           4  start_tack.o(.data)
    mode_switch_Task_Handle                  0x1000001c   Data           4  start_tack.o(.data)
    info_get_Task_Handle                     0x10000020   Data           4  start_tack.o(.data)
    detect_Task_Handle                       0x10000024   Data           4  start_tack.o(.data)
    imu_Task_Handle                          0x10000028   Data           4  start_tack.o(.data)
    judge_tx_Task_Handle                     0x1000002c   Data           4  start_tack.o(.data)
    judge_rx_Task_Handle                     0x10000030   Data           4  start_tack.o(.data)
    USR_desc                                 0x10000034   Data          28  usbd_desc.o(.data)
    key_state                                0x1000007c   Data           1  gpio.o(.data)
    USB_USART_RX_STA                         0x10000090   Data           4  bsp_usb.o(.data)
    linecoding                               0x10000094   Data           8  bsp_usb.o(.data)
    VCP_fops                                 0x1000009c   Data          20  bsp_usb.o(.data)
    detect_stack_surplus                     0x100000b0   Data           4  detect_task.o(.data)
    global_mode                              0x100000b4   Data           1  modeswitch_task.o(.data)
    last_global_mode                         0x100000b5   Data           1  modeswitch_task.o(.data)
    gimbal_mode                              0x100000b6   Data           1  modeswitch_task.o(.data)
    last_gimbal_mode                         0x100000b7   Data           1  modeswitch_task.o(.data)
    chassis_mode                             0x100000b8   Data           1  modeswitch_task.o(.data)
    last_chassis_mode                        0x100000b9   Data           1  modeswitch_task.o(.data)
    switch_status                            0x100000ba   Data           2  modeswitch_task.o(.data)
    mode_switch_stack_surplus                0x100000bc   Data           4  modeswitch_task.o(.data)
    judge_rx_stack_surplus                   0x100000c0   Data           4  judge_task.o(.data)
    loader_angle_flag                        0x100000c4   Data           1  shoot_task.o(.data)
    last_shoot_ready                         0x100000c5   Data           1  shoot_task.o(.data)
    fire_once                                0x100000c6   Data           1  shoot_task.o(.data)
    delay_loader_time                        0x100000c8   Data           4  shoot_task.o(.data)
    shoot_stack_surplus                      0x100000cc   Data           4  shoot_task.o(.data)
    shoot                                    0x100000d0   Data           4  shoot_task.o(.data)
    loader                                   0x100000d4   Data           8  shoot_task.o(.data)
    glb_sw                                   0x100000dc   Data           8  remote_ctrl.o(.data)
    i                                        0x100000e4   Data           1  judge_tx_data.o(.data)
    UI_init_flag                             0x100000e5   Data           1  judge_tx_data.o(.data)
    current_robot_id                         0x100000e6   Data           1  judge_tx_data.o(.data)
    lobshot_launchable_num                   0x100000e7   Data           1  judge_tx_data.o(.data)
    lobshot_launched_num                     0x100000e8   Data           1  judge_tx_data.o(.data)
    last_base_HP                             0x100000e9   Data           1  judge_tx_data.o(.data)
    receiver_ID                              0x100000ea   Data           2  judge_tx_data.o(.data)
    USB_Tx_State                             0x100000f0   Data           1  usbd_cdc_core.o(.data)
    APP_Rx_ptr_in                            0x100000f8   Data           4  usbd_cdc_core.o(.data)
    APP_Rx_ptr_out                           0x100000fc   Data           4  usbd_cdc_core.o(.data)
    APP_Rx_length                            0x10000100   Data           4  usbd_cdc_core.o(.data)
    CmdBuff                                  0x10000110   Data           8  usbd_cdc_core.o(.data)
    usbd_cdc_CfgDesc                         0x10000118   Data          67  usbd_cdc_core.o(.data)
    USBD_DCD_INT_cb                          0x1000015c   Data          44  usbd_core.o(.data)
    SET_TEST_MODE                            0x10000188   Data           4  usbd_core.o(.data)
    USBD_StrDesc                             0x1000019c   Data          64  usbd_desc.o(.bss)
    USART_InitStructure3                     0x100004c0   Data          16  usart.o(.bss)
    rc                                       0x100004d0   Data          35  rc.o(.bss)
    dbus_buf                                 0x100004f3   Data          72  dma.o(.bss)
    judge_rxbuf                              0x1000053b   Data         512  dma.o(.bss)
    judge_txbuf                              0x1000073b   Data        1024  dma.o(.bss)
    pc_rxbuf                                 0x10000b3b   Data        1024  dma.o(.bss)
    moto_pit                                 0x10000f3c   Data          60  bsp_can.o(.bss)
    USB_USART_RX_BUF                         0x10000f78   Data          64  bsp_usb.o(.bss)
    chassis_yaw_cali_pid                     0x10000fb8   Data          12  chassis_task.o(.bss)
    chassis_joint                            0x10000fc4   Data          28  chassis_task.o(.bss)
    RCC_Clocks                               0x10000fe0   Data          16  detect_task.o(.bss)
    global_err                               0x10000ff0   Data         256  detect_task.o(.bss)
    pid_chassis_vx_vy_spd                    0x100010f0   Data         304  pid.o(.bss)
    pid_chassis_cali_angle                   0x10001220   Data          76  pid.o(.bss)
    pid_loader_angle                         0x1000126c   Data          76  pid.o(.bss)
    pid_power                                0x100012b8   Data          76  pid.o(.bss)
    pid_joint_ang_l                          0x10001304   Data          76  pid.o(.bss)
    pid_joint_spd_l                          0x10001350   Data          76  pid.o(.bss)
    pid_chassis_power_buffer                 0x1000139c   Data          76  pid.o(.bss)
    packet_tx_buf                            0x100013e8   Data         200  data_packet.o(.bss)
    judge_recv_mesg                          0x100014b0   Data         174  judge_rx_data.o(.bss)
    judge_rx_obj                             0x10001560   Data          24  judge_rx_data.o(.bss)
    judge_unpack_obj                         0x10001578   Data         216  judge_rx_data.o(.bss)
    judge_rxdata_fifo                        0x10001650   Data          32  judge_rx_data.o(.bss)
    last_value                               0x10001770   Data          56  judge_tx_data.o(.bss)
    judge_send_mesg                          0x100017a8   Data         565  judge_tx_data.o(.bss)
    judge_txdata_fifo                        0x100019e0   Data          32  judge_tx_data.o(.bss)
    SystemCoreClock                          0x20000000   Data           4  system_stm32f4xx.o(.data)
    AHBPrescTable                            0x20000004   Data          16  system_stm32f4xx.o(.data)
    USBD_LangIDDesc                          0x20000014   Data           4  usbd_desc.o(.data)
    USBD_DeviceDesc                          0x20000018   Data          18  usbd_desc.o(.data)
    USBD_StringSerial                        0x2000002a   Data          26  usbd_desc.o(.data)
    USR_cb                                   0x20000044   Data          28  usbd_usr.o(.data)
    pxCurrentTCB                             0x20000060   Data           4  tasks.o(.data)
    Judge_Tx_done                            0x200000bc   Data           1  usart.o(.data)
    shoot_ready                              0x200000c1   Data           1  bsp_can.o(.data)
    p_angle                                  0x200000c4   Data           4  bsp_can.o(.data)
    p_distance                               0x200000c8   Data           4  bsp_can.o(.data)
    pit_angle                                0x200000cc   Data           4  bsp_can.o(.data)
    distance                                 0x200000d0   Data           4  bsp_can.o(.data)
    Up_Leg_Flag                              0x200000d8   Data           1  chassis_task.o(.data)
    rc_iw_ClearFlag                          0x200000d9   Data           1  chassis_task.o(.data)
    Start_Angle                              0x200000da   Data           4  chassis_task.o(.data)
    UP_Leg_Angle                             0x200000de   Data           4  chassis_task.o(.data)
    chassis_stack_surplus                    0x200000f0   Data           4  chassis_task.o(.data)
    temporary_joint_ang_ref                  0x200000f4   Data           4  chassis_task.o(.data)
    chassis                                  0x200000f8   Data          96  chassis_task.o(.data)
    power_new_pid                            0x20000158   Data          12  chassis_task.o(.data)
    chassis_power_buffer_pid                 0x20000164   Data          12  chassis_task.o(.data)
    chassis_vw_pid                           0x20000170   Data          12  chassis_task.o(.data)
    chassis_joint_pid                        0x2000017c   Data          48  chassis_task.o(.data)
    chassis_spd_pid                          0x200001ac   Data          48  chassis_task.o(.data)
    gimbal_turn_flag                         0x200001dc   Data           1  gimbal_task.o(.data)
    gimbal_turn_ready                        0x200001dd   Data           1  gimbal_task.o(.data)
    gimbal_stack_surplus                     0x200001e0   Data           4  gimbal_task.o(.data)
    turn_time                                0x200001e4   Data           4  gimbal_task.o(.data)
    can_stack_surplus                        0x200001e8   Data           4  comm_task.o(.data)
    info_stack_surplus                       0x200001f0   Data           4  info_get_task.o(.data)
    imu_start_flag                           0x200001f4   Data           1  imu_task.o(.data)
    INS_Init_Done                            0x200001f5   Data           1  imu_task.o(.data)
    dt                                       0x200001f8   Data           4  imu_task.o(.data)
    imu_stack_surplus                        0x20000200   Data           4  imu_task.o(.data)
    imu_pid                                  0x20000204   Data          12  imu_task.o(.data)
    gyro_scale_factor                        0x20000210   Data          36  imu_task.o(.data)
    accel_scale_factor                       0x20000234   Data          36  imu_task.o(.data)
    cap_state                                0x20000258   Data           1  power_control.o(.data)
    Charge_factor                            0x2000025c   Data           4  power_control.o(.data)
    input_power                              0x20000260   Data           4  power_control.o(.data)
    CRC_INIT                                 0x20000264   Data           2  protocol.o(.data)
    CMD_ID                                   0x20000268   Data           2  judge_rx_data.o(.data)
    BMI088_ACCEL_SEN                         0x20000274   Data           4  bmi088driver.o(.data)
    BMI088_GYRO_SEN                          0x20000278   Data           4  bmi088driver.o(.data)
    USBD_CDC_cb                              0x200002b4   Data          44  usbd_cdc_core.o(.data)
    USBD_DCD_INT_fops                        0x200002e0   Data           4  usbd_core.o(.data)
    USBD_ep_status                           0x200002e8   Data           4  usbd_req.o(.data)
    USBD_default_cfg                         0x200002ec   Data           4  usbd_req.o(.data)
    USBD_cfg_status                          0x200002f0   Data           4  usbd_req.o(.data)
    USB_OTG_dev                              0x200002f8   Data        1524  main.o(.bss)
    xQueueRegistry                           0x200008ec   Data          64  queue.o(.bss)
    rx1_message                              0x2000d154   Data          20  bsp_can.o(.bss)
    rx2_message                              0x2000d168   Data          20  bsp_can.o(.bss)
    moto_chassis                             0x2000d17c   Data         240  bsp_can.o(.bss)
    moto_yaw                                 0x2000d26c   Data          60  bsp_can.o(.bss)
    moto_loader                              0x2000d2a8   Data          60  bsp_can.o(.bss)
    cali_param                               0x2000d2e4   Data          12  bsp_flash.o(.bss)
    gimbal                                   0x2000d2f0   Data         112  gimbal_task.o(.bss)
    glb_cur                                  0x2000d360   Data          24  comm_task.o(.bss)
    INS_angle                                0x2000d3dc   Data          12  imu_task.o(.bss)
    INS_angle_final                          0x2000d3e8   Data          12  imu_task.o(.bss)
    INS_palstance_final                      0x2000d3f4   Data          12  imu_task.o(.bss)
    atti                                     0x2000d400   Data          36  imu_task.o(.bss)
    rm                                       0x2000d424   Data          20  remote_ctrl.o(.bss)
    km                                       0x2000d438   Data          40  keyboard.o(.bss)
    pid_loader_spd                           0x2000d460   Data          76  pid.o(.bss)
    pid_joint_ang_r                          0x2000d4ac   Data          76  pid.o(.bss)
    pid_joint_spd_r                          0x2000d4f8   Data          76  pid.o(.bss)
    pid_chassis_vw                           0x2000d544   Data          76  pid.o(.bss)
    BMI088                                   0x2000d590   Data          52  bmi088driver.o(.bss)
    USB_Rx_Buffer                            0x2000d5c4   Data          64  usbd_cdc_core.o(.bss)
    APP_Rx_Buffer                            0x2000d604   Data        2048  usbd_cdc_core.o(.bss)
    __initial_sp                             0x20011e08   Data           0  startup_stm32f407xx.o(STACK)



==============================================================================

Memory Map of the image

  Image Entry point : 0x08000189

  Load Region LR_IROM1 (Base: 0x08000000, Size: 0x0000df44, Max: 0x00100000, ABSOLUTE, COMPRESSED[0x0000dc4c])

    Execution Region ER_IROM1 (Base: 0x08000000, Size: 0x0000dab0, Max: 0x00100000, ABSOLUTE)

    Base Addr    Size         Type   Attr      Idx    E Section Name        Object

    0x08000000   0x00000188   Data   RO          740    RESET               startup_stm32f407xx.o
    0x08000188   0x00000000   Code   RO        10056  * .ARM.Collect$$$$00000000  mc_w.l(entry.o)
    0x08000188   0x00000004   Code   RO        10164    .ARM.Collect$$$$00000001  mc_w.l(entry2.o)
    0x0800018c   0x00000004   Code   RO        10167    .ARM.Collect$$$$00000004  mc_w.l(entry5.o)
    0x08000190   0x00000000   Code   RO        10169    .ARM.Collect$$$$00000008  mc_w.l(entry7b.o)
    0x08000190   0x00000000   Code   RO        10171    .ARM.Collect$$$$0000000A  mc_w.l(entry8b.o)
    0x08000190   0x00000008   Code   RO        10172    .ARM.Collect$$$$0000000B  mc_w.l(entry9a.o)
    0x08000198   0x00000000   Code   RO        10174    .ARM.Collect$$$$0000000D  mc_w.l(entry10a.o)
    0x08000198   0x00000000   Code   RO        10176    .ARM.Collect$$$$0000000F  mc_w.l(entry11a.o)
    0x08000198   0x00000004   Code   RO        10165    .ARM.Collect$$$$00002712  mc_w.l(entry2.o)
    0x0800019c   0x000000b6   Code   RO         6546    .emb_text           port.o
    0x08000252   0x00000002   PAD
    0x08000254   0x00000024   Code   RO          741    .text               startup_stm32f407xx.o
    0x08000278   0x00000078   Code   RO         9699    .text               arm_cortexM4lf_math.lib(arm_cos_f32.o)
    0x080002f0   0x00000074   Code   RO         9752    .text               arm_cortexM4lf_math.lib(arm_sin_f32.o)
    0x08000364   0x00000024   Code   RO        10059    .text               mc_w.l(memcpya.o)
    0x08000388   0x00000024   Code   RO        10061    .text               mc_w.l(memseta.o)
    0x080003ac   0x0000000e   Code   RO        10063    .text               mc_w.l(strlen.o)
    0x080003ba   0x0000014e   Code   RO        10095    .text               mf_w.l(dadd.o)
    0x08000508   0x000000e4   Code   RO        10097    .text               mf_w.l(dmul.o)
    0x080005ec   0x000000de   Code   RO        10099    .text               mf_w.l(ddiv.o)
    0x080006ca   0x00000022   Code   RO        10103    .text               mf_w.l(dflti.o)
    0x080006ec   0x0000001a   Code   RO        10105    .text               mf_w.l(dfltui.o)
    0x08000706   0x00000032   Code   RO        10107    .text               mf_w.l(dfixui.o)
    0x08000738   0x00000026   Code   RO        10109    .text               mf_w.l(f2d.o)
    0x0800075e   0x00000002   PAD
    0x08000760   0x00000030   Code   RO        10111    .text               mf_w.l(cdcmple.o)
    0x08000790   0x00000030   Code   RO        10113    .text               mf_w.l(cdrcmple.o)
    0x080007c0   0x00000038   Code   RO        10115    .text               mf_w.l(d2f.o)
    0x080007f8   0x0000001e   Code   RO        10178    .text               mc_w.l(llshl.o)
    0x08000816   0x00000020   Code   RO        10180    .text               mc_w.l(llushr.o)
    0x08000836   0x00000024   Code   RO        10182    .text               mc_w.l(llsshr.o)
    0x0800085a   0x00000000   Code   RO        10193    .text               mc_w.l(iusefp.o)
    0x0800085a   0x0000006e   Code   RO        10194    .text               mf_w.l(fepilogue.o)
    0x080008c8   0x000000ba   Code   RO        10196    .text               mf_w.l(depilogue.o)
    0x08000982   0x000000a2   Code   RO        10200    .text               mf_w.l(dsqrt.o)
    0x08000a24   0x00000086   Code   RO        10202    .text               mf_w.l(drem.o)
    0x08000aaa   0x00000002   PAD
    0x08000aac   0x00000024   Code   RO        10208    .text               mc_w.l(init.o)
    0x08000ad0   0x0000003e   Code   RO        10210    .text               mf_w.l(dfixi.o)
    0x08000b0e   0x00000056   Code   RO        10220    .text               mc_w.l(__dczerorl2.o)
    0x08000b64   0x00000004   Code   RO         8853    i.AHRS_asinf        ahrs_middleware.o
    0x08000b68   0x00000004   Code   RO         8854    i.AHRS_atan2f       ahrs_middleware.o
    0x08000b6c   0x00000004   Code   RO         8855    i.AHRS_cosf         ahrs_middleware.o
    0x08000b70   0x0000001a   Code   RO         9773    i.AHRS_fabs         AHRS.lib(ahrs.o)
    0x08000b8a   0x00000002   PAD
    0x08000b8c   0x00000014   Code   RO         8856    i.AHRS_get_height   ahrs_middleware.o
    0x08000ba0   0x0000000e   Code   RO         8857    i.AHRS_get_latitude  ahrs_middleware.o
    0x08000bae   0x00000002   PAD
    0x08000bb0   0x0000029c   Code   RO         9774    i.AHRS_init         AHRS.lib(ahrs.o)
    0x08000e4c   0x00000014   Code   RO         8858    i.AHRS_invSqrt      ahrs_middleware.o
    0x08000e60   0x00000004   Code   RO         8859    i.AHRS_sinf         ahrs_middleware.o
    0x08000e64   0x0000013a   Code   RO         9775    i.AHRS_update       AHRS.lib(ahrs.o)
    0x08000f9e   0x00000002   PAD
    0x08000fa0   0x0000005c   Code   RO         6995    i.BM1010b_encoder_data_handler  bsp_can.o
    0x08000ffc   0x0000000c   Code   RO         8712    i.BMI088_ACCEL_NS_H  bmi088middleware.o
    0x08001008   0x0000000c   Code   RO         8713    i.BMI088_ACCEL_NS_L  bmi088middleware.o
    0x08001014   0x0000000c   Code   RO         8715    i.BMI088_GYRO_NS_H  bmi088middleware.o
    0x08001020   0x0000000c   Code   RO         8716    i.BMI088_GYRO_NS_L  bmi088middleware.o
    0x0800102c   0x0000007c   Code   RO         6673    i.BMI088_INT_GPIO_Init  gpio.o
    0x080010a8   0x0000015c   Code   RO         8578    i.BMI088_read       bmi088driver.o
    0x08001204   0x00000026   Code   RO         8581    i.BMI088_read_muli_reg  bmi088driver.o
    0x0800122a   0x00000002   PAD
    0x0800122c   0x00000050   Code   RO         8720    i.BMI088_read_write_byte  bmi088middleware.o
    0x0800127c   0x00000060   Code   RO         7142    i.BSP_FLASH_WRITE   bsp_flash.o
    0x080012dc   0x00000002   Code   RO          335    i.BusFault_Handler  stm32f4xx_it.o
    0x080012de   0x00000002   PAD
    0x080012e0   0x00000104   Code   RO         6722    i.CAN1_DEVICE       can.o
    0x080013e4   0x00000038   Code   RO         6996    i.CAN1_RX0_IRQHandler  bsp_can.o
    0x0800141c   0x00000100   Code   RO         6723    i.CAN2_DEVICE       can.o
    0x0800151c   0x00000038   Code   RO         6997    i.CAN2_RX0_IRQHandler  bsp_can.o
    0x08001554   0x000000a8   Code   RO         1044    i.CAN_ClearITPendingBit  stm32f4xx_can.o
    0x080015fc   0x000000f8   Code   RO         1048    i.CAN_FilterInit    stm32f4xx_can.o
    0x080016f4   0x0000010c   Code   RO         1050    i.CAN_GetITStatus   stm32f4xx_can.o
    0x08001800   0x00000016   Code   RO         1054    i.CAN_ITConfig      stm32f4xx_can.o
    0x08001816   0x00000112   Code   RO         1055    i.CAN_Init          stm32f4xx_can.o
    0x08001928   0x000000be   Code   RO         1058    i.CAN_Receive       stm32f4xx_can.o
    0x080019e6   0x000000ea   Code   RO         1063    i.CAN_Transmit      stm32f4xx_can.o
    0x08001ad0   0x0000032c   Code   RO         8132    i.Chassis_Power_Control  power_control.o
    0x08001dfc   0x0000000c   Code   RO         1066    i.CheckITStatus     stm32f4xx_can.o
    0x08001e08   0x00000018   Code   RO         8424    i.Client_ID_Swich_Fun  judge_tx_data.o
    0x08001e20   0x00000030   Code   RO         9521    i.DCD_EP_Close      usb_dcd.o
    0x08001e50   0x00000040   Code   RO         9522    i.DCD_EP_ClrStall   usb_dcd.o
    0x08001e90   0x00000044   Code   RO         9524    i.DCD_EP_Open       usb_dcd.o
    0x08001ed4   0x0000003a   Code   RO         9525    i.DCD_EP_PrepareRx  usb_dcd.o
    0x08001f0e   0x00000010   Code   RO         9526    i.DCD_EP_SetAddress  usb_dcd.o
    0x08001f1e   0x00000040   Code   RO         9527    i.DCD_EP_Stall      usb_dcd.o
    0x08001f5e   0x00000038   Code   RO         9528    i.DCD_EP_Tx         usb_dcd.o
    0x08001f96   0x00000002   PAD
    0x08001f98   0x00000178   Code   RO         9615    i.DCD_HandleEnumDone_ISR  usb_dcd_int.o
    0x08002110   0x000000f4   Code   RO         9616    i.DCD_HandleInEP_ISR  usb_dcd_int.o
    0x08002204   0x000000d8   Code   RO         9617    i.DCD_HandleOutEP_ISR  usb_dcd_int.o
    0x080022dc   0x00000040   Code   RO         9618    i.DCD_HandleResume_ISR  usb_dcd_int.o
    0x0800231c   0x0000008a   Code   RO         9619    i.DCD_HandleRxStatusQueueLevel_ISR  usb_dcd_int.o
    0x080023a6   0x00000002   PAD
    0x080023a8   0x0000001c   Code   RO         9620    i.DCD_HandleSof_ISR  usb_dcd_int.o
    0x080023c4   0x00000078   Code   RO         9621    i.DCD_HandleUSBSuspend_ISR  usb_dcd_int.o
    0x0800243c   0x000000a8   Code   RO         9622    i.DCD_HandleUsbReset_ISR  usb_dcd_int.o
    0x080024e4   0x00000094   Code   RO         9530    i.DCD_Init          usb_dcd.o
    0x08002578   0x00000020   Code   RO         9623    i.DCD_IsoINIncomplete_ISR  usb_dcd_int.o
    0x08002598   0x00000020   Code   RO         9624    i.DCD_IsoOUTIncomplete_ISR  usb_dcd_int.o
    0x080025b8   0x0000001c   Code   RO         9625    i.DCD_ReadDevInEP   usb_dcd_int.o
    0x080025d4   0x0000009e   Code   RO         9626    i.DCD_WriteEmptyTxFifo  usb_dcd_int.o
    0x08002672   0x00000002   PAD
    0x08002674   0x00000050   Code   RO         7788    i.DMA2_Stream1_IRQHandler  judge_task.o
    0x080026c4   0x00000038   Code   RO         6752    i.DMA2_Stream6_IRQHandler  usart.o
    0x080026fc   0x00000030   Code   RO         1800    i.DMA_ClearFlag     stm32f4xx_dma.o
    0x0800272c   0x00000030   Code   RO         1801    i.DMA_ClearITPendingBit  stm32f4xx_dma.o
    0x0800275c   0x00000018   Code   RO         1802    i.DMA_Cmd           stm32f4xx_dma.o
    0x08002774   0x00000188   Code   RO         1803    i.DMA_DeInit        stm32f4xx_dma.o
    0x080028fc   0x00000018   Code   RO         1804    i.DMA_DoubleBufferModeCmd  stm32f4xx_dma.o
    0x08002914   0x0000001a   Code   RO         1805    i.DMA_DoubleBufferModeConfig  stm32f4xx_dma.o
    0x0800292e   0x00000006   Code   RO         1808    i.DMA_GetCurrDataCounter  stm32f4xx_dma.o
    0x08002934   0x00000010   Code   RO         1809    i.DMA_GetCurrentMemoryTarget  stm32f4xx_dma.o
    0x08002944   0x00000038   Code   RO         1811    i.DMA_GetFlagStatus  stm32f4xx_dma.o
    0x0800297c   0x00000064   Code   RO         1812    i.DMA_GetITStatus   stm32f4xx_dma.o
    0x080029e0   0x00000036   Code   RO         1813    i.DMA_ITConfig      stm32f4xx_dma.o
    0x08002a16   0x00000002   PAD
    0x08002a18   0x0000007c   Code   RO         1814    i.DMA_Init          stm32f4xx_dma.o
    0x08002a94   0x0000003c   Code   RO         6753    i.DMA_Judge_USART_Tx_Data  usart.o
    0x08002ad0   0x0000000c   Code   RO         1815    i.DMA_MemoryTargetConfig  stm32f4xx_dma.o
    0x08002adc   0x00000004   Code   RO         1817    i.DMA_SetCurrDataCounter  stm32f4xx_dma.o
    0x08002ae0   0x00000034   Code   RO         7187    i.DWT_GetDeltaT     bsp_dwt.o
    0x08002b14   0x00000040   Code   RO         7190    i.DWT_Init          bsp_dwt.o
    0x08002b54   0x00000002   Code   RO          336    i.DebugMon_Handler  stm32f4xx_it.o
    0x08002b56   0x00000002   PAD
    0x08002b58   0x00000058   Code   RO         6674    i.EXTI0_IRQHandler  gpio.o
    0x08002bb0   0x00000050   Code   RO         7589    i.EXTI4_IRQHandler  imu_task.o
    0x08002c00   0x0000000c   Code   RO         2068    i.EXTI_ClearITPendingBit  stm32f4xx_exti.o
    0x08002c0c   0x00000014   Code   RO         2072    i.EXTI_GetITStatus  stm32f4xx_exti.o
    0x08002c20   0x00000090   Code   RO         2073    i.EXTI_Init         stm32f4xx_exti.o
    0x08002cb0   0x0000000c   Code   RO         2133    i.FLASH_ClearFlag   stm32f4xx_flash.o
    0x08002cbc   0x00000020   Code   RO         2134    i.FLASH_DataCacheCmd  stm32f4xx_flash.o
    0x08002cdc   0x00000070   Code   RO         2139    i.FLASH_EraseSector  stm32f4xx_flash.o
    0x08002d4c   0x00000044   Code   RO         2141    i.FLASH_GetStatus   stm32f4xx_flash.o
    0x08002d90   0x00000010   Code   RO         2145    i.FLASH_Lock        stm32f4xx_flash.o
    0x08002da0   0x00000038   Code   RO         2166    i.FLASH_ProgramByte  stm32f4xx_flash.o
    0x08002dd8   0x00000028   Code   RO         2171    i.FLASH_Unlock      stm32f4xx_flash.o
    0x08002e00   0x00000028   Code   RO         2172    i.FLASH_WaitForLastOperation  stm32f4xx_flash.o
    0x08002e28   0x000000e8   Code   RO         6675    i.GPIO_INIT         gpio.o
    0x08002f10   0x00000096   Code   RO         2446    i.GPIO_Init         stm32f4xx_gpio.o
    0x08002fa6   0x00000022   Code   RO         2447    i.GPIO_PinAFConfig  stm32f4xx_gpio.o
    0x08002fc8   0x0000000e   Code   RO         2450    i.GPIO_ReadInputDataBit  stm32f4xx_gpio.o
    0x08002fd6   0x00000004   Code   RO         2453    i.GPIO_ResetBits    stm32f4xx_gpio.o
    0x08002fda   0x00000004   Code   RO         2454    i.GPIO_SetBits      stm32f4xx_gpio.o
    0x08002fde   0x00000196   Code   RO         7143    i.GetSector         bsp_flash.o
    0x08003174   0x00000038   Code   RO          584    i.Get_SerialNum     usbd_desc.o
    0x080031ac   0x0000000c   Code   RO          440    i.HAL_GetTick       stm32_tim_base.o
    0x080031b8   0x0000001c   Code   RO          441    i.HAL_IncTick       stm32_tim_base.o
    0x080031d4   0x00000080   Code   RO         8942    i.Handle_USBAsynchXfer  usbd_cdc_core.o
    0x08003254   0x00000002   Code   RO          337    i.HardFault_Handler  stm32f4xx_it.o
    0x08003256   0x00000026   Code   RO         7299    i.IWDG_Config       bsp_iwdg.o
    0x0800327c   0x00000010   Code   RO         2961    i.IWDG_Enable       stm32f4xx_iwdg.o
    0x0800328c   0x00000004   Code   RO         7300    i.IWDG_Feed         bsp_iwdg.o
    0x08003290   0x0000001c   Code   RO            5    i.IWDG_RST          main.o
    0x080032ac   0x00000010   Code   RO         2963    i.IWDG_ReloadCounter  stm32f4xx_iwdg.o
    0x080032bc   0x0000000c   Code   RO         2964    i.IWDG_SetPrescaler  stm32f4xx_iwdg.o
    0x080032c8   0x0000000c   Code   RO         2965    i.IWDG_SetReload    stm32f4xx_iwdg.o
    0x080032d4   0x0000000c   Code   RO         2966    i.IWDG_WriteAccessCmd  stm32f4xx_iwdg.o
    0x080032e0   0x0000003e   Code   RO          585    i.IntToUnicode      usbd_desc.o
    0x0800331e   0x0000004c   Code   RO         6676    i.KEY_EXTI          gpio.o
    0x0800336a   0x00000002   Code   RO          338    i.MemManage_Handler  stm32f4xx_it.o
    0x0800336c   0x00000080   Code   RO         6999    i.Motor10010B_Current  bsp_can.o
    0x080033ec   0x0000004c   Code   RO         7000    i.Motor10010B_Enable  bsp_can.o
    0x08003438   0x00000050   Code   RO         7001    i.Motor10010B_FeedBackmode  bsp_can.o
    0x08003488   0x00000030   Code   RO         7002    i.Motor_Init        bsp_can.o
    0x080034b8   0x00000002   Code   RO          339    i.NMI_Handler       stm32f4xx_it.o
    0x080034ba   0x00000002   PAD
    0x080034bc   0x00000074   Code   RO          748    i.NVIC_Init         misc.o
    0x08003530   0x00000014   Code   RO          749    i.NVIC_PriorityGroupConfig  misc.o
    0x08003544   0x0000000c   Code   RO         7236    i.OTG_FS_IRQHandler  bsp_usb.o
    0x08003550   0x0000002c   Code   RO         8041    i.PID_Clear         pid.o
    0x0800357c   0x00000070   Code   RO         8042    i.PID_Struct_Init   pid.o
    0x080035ec   0x0000001c   Code   RO         3351    i.RCC_AHB1PeriphClockCmd  stm32f4xx_rcc.o
    0x08003608   0x0000001c   Code   RO         3354    i.RCC_AHB2PeriphClockCmd  stm32f4xx_rcc.o
    0x08003624   0x0000001c   Code   RO         3360    i.RCC_APB1PeriphClockCmd  stm32f4xx_rcc.o
    0x08003640   0x0000001c   Code   RO         3362    i.RCC_APB1PeriphResetCmd  stm32f4xx_rcc.o
    0x0800365c   0x0000001c   Code   RO         3363    i.RCC_APB2PeriphClockCmd  stm32f4xx_rcc.o
    0x08003678   0x0000001c   Code   RO         3365    i.RCC_APB2PeriphResetCmd  stm32f4xx_rcc.o
    0x08003694   0x00000010   Code   RO         3368    i.RCC_ClearFlag     stm32f4xx_rcc.o
    0x080036a4   0x000000b4   Code   RO         3372    i.RCC_GetClocksFreq  stm32f4xx_rcc.o
    0x08003758   0x0000003c   Code   RO         3373    i.RCC_GetFlagStatus  stm32f4xx_rcc.o
    0x08003794   0x00000018   Code   RO         4509    i.SPI_Cmd           stm32f4xx_spi.o
    0x080037ac   0x000000e4   Code   RO         6808    i.SPI_DEVICE        spi.o
    0x08003890   0x00000054   Code   RO         4522    i.SPI_Init          stm32f4xx_spi.o
    0x080038e4   0x00000358   Code   RO         7003    i.STD_CAN_RxCpltCallback  bsp_can.o
    0x08003c3c   0x0000002e   Code   RO         4674    i.SYSCFG_EXTILineConfig  stm32f4xx_syscfg.o
    0x08003c6a   0x00000002   PAD
    0x08003c6c   0x000000c0   Code   RO          398    i.SetSysClock       system_stm32f4xx.o
    0x08003d2c   0x00000028   Code   RO         8425    i.Student_ID_Swich_Fun  judge_tx_data.o
    0x08003d54   0x0000001c   Code   RO          752    i.SysTick_CLKSourceConfig  misc.o
    0x08003d70   0x00000014   Code   RO          340    i.SysTick_Handler   stm32f4xx_it.o
    0x08003d84   0x0000002c   Code   RO         6635    i.SysTick_Init      delay.o
    0x08003db0   0x00000060   Code   RO          400    i.SystemInit        system_stm32f4xx.o
    0x08003e10   0x00000030   Code   RO          502    i.TASK_START        start_tack.o
    0x08003e40   0x000000a4   Code   RO         6920    i.TIM10_DEVICE      tim.o
    0x08003ee4   0x00000024   Code   RO          442    i.TIM4_IRQHandler   stm32_tim_base.o
    0x08003f08   0x000000d4   Code   RO         6921    i.TIM8_DEVICE       tim.o
    0x08003fdc   0x00000018   Code   RO         4735    i.TIM_ARRPreloadConfig  stm32f4xx_tim.o
    0x08003ff4   0x00000068   Code   RO          443    i.TIM_BASE_Init     stm32_tim_base.o
    0x0800405c   0x00000006   Code   RO         4742    i.TIM_ClearITPendingBit  stm32f4xx_tim.o
    0x08004062   0x00000018   Code   RO         4747    i.TIM_Cmd           stm32f4xx_tim.o
    0x0800407a   0x00000020   Code   RO         4749    i.TIM_CtrlPWMOutputs  stm32f4xx_tim.o
    0x0800409a   0x00000016   Code   RO         4768    i.TIM_GetITStatus   stm32f4xx_tim.o
    0x080040b0   0x00000016   Code   RO         4772    i.TIM_ITConfig      stm32f4xx_tim.o
    0x080040c6   0x0000006c   Code   RO         4776    i.TIM_OC1Init       stm32f4xx_tim.o
    0x08004132   0x0000000c   Code   RO         4779    i.TIM_OC1PreloadConfig  stm32f4xx_tim.o
    0x0800413e   0x0000008a   Code   RO         4781    i.TIM_OC2Init       stm32f4xx_tim.o
    0x080041c8   0x00000014   Code   RO         4784    i.TIM_OC2PreloadConfig  stm32f4xx_tim.o
    0x080041dc   0x00000088   Code   RO         4786    i.TIM_OC3Init       stm32f4xx_tim.o
    0x08004264   0x0000000c   Code   RO         4789    i.TIM_OC3PreloadConfig  stm32f4xx_tim.o
    0x08004270   0x00000014   Code   RO         4794    i.TIM_OCStructInit  stm32f4xx_tim.o
    0x08004284   0x00000074   Code   RO         4819    i.TIM_TimeBaseInit  stm32f4xx_tim.o
    0x080042f8   0x00000100   Code   RO         6754    i.USART1_DEVICE     usart.o
    0x080043f8   0x0000008c   Code   RO         6873    i.USART1_DMA        dma.o
    0x08004484   0x000000d8   Code   RO         6755    i.USART3_DEVICE     usart.o
    0x0800455c   0x00000090   Code   RO         6874    i.USART3_DMA        dma.o
    0x080045ec   0x000000d4   Code   RO         6833    i.USART3_IRQHandler  rc.o
    0x080046c0   0x000000e8   Code   RO         6756    i.USART6_DEVICE     usart.o
    0x080047a8   0x0000011c   Code   RO         6875    i.USART6_DMA        dma.o
    0x080048c4   0x0000008c   Code   RO         7789    i.USART6_IRQHandler  judge_task.o
    0x08004950   0x0000000a   Code   RO         5297    i.USART_ClearFlag   stm32f4xx_usart.o
    0x0800495a   0x00000012   Code   RO         5298    i.USART_ClearITPendingBit  stm32f4xx_usart.o
    0x0800496c   0x00000018   Code   RO         5301    i.USART_Cmd         stm32f4xx_usart.o
    0x08004984   0x00000016   Code   RO         5302    i.USART_DMACmd      stm32f4xx_usart.o
    0x0800499a   0x000000e4   Code   RO         5303    i.USART_DeInit      stm32f4xx_usart.o
    0x08004a7e   0x0000000e   Code   RO         5304    i.USART_GetFlagStatus  stm32f4xx_usart.o
    0x08004a8c   0x00000048   Code   RO         5305    i.USART_GetITStatus  stm32f4xx_usart.o
    0x08004ad4   0x0000003a   Code   RO         5307    i.USART_ITConfig    stm32f4xx_usart.o
    0x08004b0e   0x00000002   PAD
    0x08004b10   0x000000cc   Code   RO         5308    i.USART_Init        stm32f4xx_usart.o
    0x08004bdc   0x00000008   Code   RO         5315    i.USART_ReceiveData  stm32f4xx_usart.o
    0x08004be4   0x0000000e   Code   RO         9026    i.USBD_ClrCfg       usbd_core.o
    0x08004bf2   0x0000003c   Code   RO         9189    i.USBD_ClrFeature   usbd_req.o
    0x08004c2e   0x00000012   Code   RO         9129    i.USBD_CtlContinueRx  usbd_ioreq.o
    0x08004c40   0x00000012   Code   RO         9130    i.USBD_CtlContinueSendData  usbd_ioreq.o
    0x08004c52   0x0000001e   Code   RO         9190    i.USBD_CtlError     usbd_req.o
    0x08004c70   0x00000020   Code   RO         9131    i.USBD_CtlPrepareRx  usbd_ioreq.o
    0x08004c90   0x00000022   Code   RO         9132    i.USBD_CtlReceiveStatus  usbd_ioreq.o
    0x08004cb2   0x00000020   Code   RO         9133    i.USBD_CtlSendData  usbd_ioreq.o
    0x08004cd2   0x00000022   Code   RO         9134    i.USBD_CtlSendStatus  usbd_ioreq.o
    0x08004cf4   0x000000c4   Code   RO         9027    i.USBD_DataInStage  usbd_core.o
    0x08004db8   0x0000007c   Code   RO         9028    i.USBD_DataOutStage  usbd_core.o
    0x08004e34   0x00000004   Code   RO         9029    i.USBD_DeInit       usbd_core.o
    0x08004e38   0x00000030   Code   RO         9191    i.USBD_GetConfig    usbd_req.o
    0x08004e68   0x000000fa   Code   RO         9192    i.USBD_GetDescriptor  usbd_req.o
    0x08004f62   0x00000018   Code   RO         9193    i.USBD_GetLen       usbd_req.o
    0x08004f7a   0x00000002   PAD
    0x08004f7c   0x00000030   Code   RO         9194    i.USBD_GetStatus    usbd_req.o
    0x08004fac   0x00000042   Code   RO         9195    i.USBD_GetString    usbd_req.o
    0x08004fee   0x00000040   Code   RO         9030    i.USBD_Init         usbd_core.o
    0x0800502e   0x0000000e   Code   RO         9031    i.USBD_IsoINIncomplete  usbd_core.o
    0x0800503c   0x0000000e   Code   RO         9032    i.USBD_IsoOUTIncomplete  usbd_core.o
    0x0800504a   0x000000c6   Code   RO         9627    i.USBD_OTG_ISR_Handler  usb_dcd_int.o
    0x08005110   0x00000044   Code   RO         9196    i.USBD_ParseSetupRequest  usbd_req.o
    0x08005154   0x00000030   Code   RO         9033    i.USBD_Reset        usbd_core.o
    0x08005184   0x00000016   Code   RO         9034    i.USBD_Resume       usbd_core.o
    0x0800519a   0x00000002   PAD
    0x0800519c   0x00000010   Code   RO         9035    i.USBD_RunTestMode  usbd_core.o
    0x080051ac   0x00000012   Code   RO         9036    i.USBD_SOF          usbd_core.o
    0x080051be   0x00000054   Code   RO         9197    i.USBD_SetAddress   usbd_req.o
    0x08005212   0x0000001a   Code   RO         9037    i.USBD_SetCfg       usbd_core.o
    0x0800522c   0x000000ac   Code   RO         9198    i.USBD_SetConfig    usbd_req.o
    0x080052d8   0x0000009c   Code   RO         9199    i.USBD_SetFeature   usbd_req.o
    0x08005374   0x0000004e   Code   RO         9038    i.USBD_SetupStage   usbd_core.o
    0x080053c2   0x0000005c   Code   RO         9200    i.USBD_StdDevReq    usbd_req.o
    0x0800541e   0x00000002   PAD
    0x08005420   0x00000144   Code   RO         9201    i.USBD_StdEPReq     usbd_req.o
    0x08005564   0x00000046   Code   RO         9202    i.USBD_StdItfReq    usbd_req.o
    0x080055aa   0x0000001c   Code   RO         9039    i.USBD_Suspend      usbd_core.o
    0x080055c6   0x00000002   PAD
    0x080055c8   0x00000030   Code   RO          586    i.USBD_USR_ConfigStrDescriptor  usbd_desc.o
    0x080055f8   0x00000002   Code   RO          671    i.USBD_USR_DeviceConfigured  usbd_usr.o
    0x080055fa   0x00000002   Code   RO          672    i.USBD_USR_DeviceConnected  usbd_usr.o
    0x080055fc   0x0000000c   Code   RO          587    i.USBD_USR_DeviceDescriptor  usbd_desc.o
    0x08005608   0x00000002   Code   RO          673    i.USBD_USR_DeviceDisconnected  usbd_usr.o
    0x0800560a   0x00000002   Code   RO          674    i.USBD_USR_DeviceReset  usbd_usr.o
    0x0800560c   0x00000002   Code   RO          675    i.USBD_USR_DeviceResumed  usbd_usr.o
    0x0800560e   0x00000002   Code   RO          676    i.USBD_USR_DeviceSuspended  usbd_usr.o
    0x08005610   0x00000002   Code   RO          677    i.USBD_USR_Init     usbd_usr.o
    0x08005612   0x00000002   PAD
    0x08005614   0x00000034   Code   RO          588    i.USBD_USR_InterfaceStrDescriptor  usbd_desc.o
    0x08005648   0x0000000c   Code   RO          589    i.USBD_USR_LangIDStrDescriptor  usbd_desc.o
    0x08005654   0x00000020   Code   RO          590    i.USBD_USR_ManufacturerStrDescriptor  usbd_desc.o
    0x08005674   0x0000005c   Code   RO          591    i.USBD_USR_ProductStrDescriptor  usbd_desc.o
    0x080056d0   0x00000014   Code   RO          592    i.USBD_USR_SerialStrDescriptor  usbd_desc.o
    0x080056e4   0x0000000c   Code   RO         8943    i.USBD_cdc_GetCfgDesc  usbd_cdc_core.o
    0x080056f0   0x00000022   Code   RO         6950    i.USB_OTG_BSP_EnableInterrupt  st_usb_cdc.o
    0x08005712   0x00000002   PAD
    0x08005714   0x00000060   Code   RO         6951    i.USB_OTG_BSP_Init  st_usb_cdc.o
    0x08005774   0x0000000a   Code   RO         6952    i.USB_OTG_BSP_mDelay  st_usb_cdc.o
    0x0800577e   0x0000000e   Code   RO         6953    i.USB_OTG_BSP_uDelay  st_usb_cdc.o
    0x0800578c   0x000000a8   Code   RO         9288    i.USB_OTG_CoreInit  usb_core.o
    0x08005834   0x0000014e   Code   RO         9289    i.USB_OTG_CoreInitDev  usb_core.o
    0x08005982   0x00000002   PAD
    0x08005984   0x00000060   Code   RO         9290    i.USB_OTG_CoreReset  usb_core.o
    0x080059e4   0x00000010   Code   RO         9291    i.USB_OTG_DisableGlobalInt  usb_core.o
    0x080059f4   0x00000056   Code   RO         9292    i.USB_OTG_EP0Activate  usb_core.o
    0x08005a4a   0x000000fe   Code   RO         9293    i.USB_OTG_EP0StartXfer  usb_core.o
    0x08005b48   0x0000002c   Code   RO         9294    i.USB_OTG_EP0_OutStart  usb_core.o
    0x08005b74   0x0000006a   Code   RO         9295    i.USB_OTG_EPActivate  usb_core.o
    0x08005bde   0x00000042   Code   RO         9296    i.USB_OTG_EPClearStall  usb_core.o
    0x08005c20   0x00000040   Code   RO         9297    i.USB_OTG_EPDeactivate  usb_core.o
    0x08005c60   0x00000046   Code   RO         9298    i.USB_OTG_EPSetStall  usb_core.o
    0x08005ca6   0x00000184   Code   RO         9299    i.USB_OTG_EPStartXfer  usb_core.o
    0x08005e2a   0x00000002   PAD
    0x08005e2c   0x0000001c   Code   RO         9300    i.USB_OTG_EnableCommonInt  usb_core.o
    0x08005e48   0x00000054   Code   RO         9301    i.USB_OTG_EnableDevInt  usb_core.o
    0x08005e9c   0x00000010   Code   RO         9302    i.USB_OTG_EnableGlobalInt  usb_core.o
    0x08005eac   0x00000044   Code   RO         9303    i.USB_OTG_FlushRxFifo  usb_core.o
    0x08005ef0   0x0000004c   Code   RO         9304    i.USB_OTG_FlushTxFifo  usb_core.o
    0x08005f3c   0x00000034   Code   RO         9305    i.USB_OTG_GetDeviceSpeed  usb_core.o
    0x08005f70   0x0000000a   Code   RO         9307    i.USB_OTG_GetMode   usb_core.o
    0x08005f7a   0x0000000c   Code   RO         9308    i.USB_OTG_InitDevSpeed  usb_core.o
    0x08005f86   0x00000012   Code   RO         9309    i.USB_OTG_IsDeviceMode  usb_core.o
    0x08005f98   0x0000000a   Code   RO         9311    i.USB_OTG_ReadCoreItr  usb_core.o
    0x08005fa2   0x0000000c   Code   RO         9312    i.USB_OTG_ReadDevAllInEPItr  usb_core.o
    0x08005fae   0x0000000c   Code   RO         9313    i.USB_OTG_ReadDevAllOutEp_itr  usb_core.o
    0x08005fba   0x00000010   Code   RO         9314    i.USB_OTG_ReadDevOutEP_itr  usb_core.o
    0x08005fca   0x00000024   Code   RO         9316    i.USB_OTG_ReadPacket  usb_core.o
    0x08005fee   0x00000002   PAD
    0x08005ff0   0x000000d4   Code   RO         9317    i.USB_OTG_SelectCore  usb_core.o
    0x080060c4   0x00000036   Code   RO         9318    i.USB_OTG_SetCurrentMode  usb_core.o
    0x080060fa   0x00000034   Code   RO         9322    i.USB_OTG_WritePacket  usb_core.o
    0x0800612e   0x00000002   Code   RO          341    i.UsageFault_Handler  stm32f4xx_it.o
    0x08006130   0x00000060   Code   RO         7237    i.VCP_Ctrl          bsp_usb.o
    0x08006190   0x00000028   Code   RO         7238    i.VCP_DataRx        bsp_usb.o
    0x080061b8   0x0000003c   Code   RO         7239    i.VCP_DataTx        bsp_usb.o
    0x080061f4   0x00000004   Code   RO         7240    i.VCP_DeInit        bsp_usb.o
    0x080061f8   0x00000004   Code   RO         7241    i.VCP_Init          bsp_usb.o
    0x080061fc   0x00000030   Code   RO        10204    i.__ARM_fpclassify  m_wm.l(fpclassify.o)
    0x0800622c   0x00000026   Code   RO        10134    i.__ARM_fpclassifyf  m_wm.l(fpclassifyf.o)
    0x08006252   0x00000002   PAD
    0x08006254   0x0000012c   Code   RO         9954    i.__hardfp_asinf    m_wm.l(asinf.o)
    0x08006380   0x00000250   Code   RO         9966    i.__hardfp_atan2f   m_wm.l(atan2f.o)
    0x080065d0   0x000000c8   Code   RO         9978    i.__hardfp_cos      m_wm.l(cos.o)
    0x08006698   0x00000014   Code   RO         9990    i.__hardfp_fabs     m_wm.l(fabs.o)
    0x080066ac   0x00000104   Code   RO         9996    i.__hardfp_fmod     m_wm.l(fmod.o)
    0x080067b0   0x000000c8   Code   RO        10008    i.__hardfp_sin      m_wm.l(sin.o)
    0x08006878   0x0000007a   Code   RO        10032    i.__hardfp_sqrt     m_wm.l(sqrt_full.o)
    0x080068f2   0x0000003a   Code   RO        10038    i.__hardfp_sqrtf    m_wm.l(sqrtf_full.o)
    0x0800692c   0x00000004   PAD
    0x08006930   0x00000438   Code   RO        10150    i.__ieee754_rem_pio2  m_wm.l(rred.o)
    0x08006d68   0x00000170   Code   RO        10117    i.__kernel_cos      m_wm.l(cos_i.o)
    0x08006ed8   0x000000f8   Code   RO        10206    i.__kernel_poly     m_wm.l(poly.o)
    0x08006fd0   0x00000130   Code   RO        10158    i.__kernel_sin      m_wm.l(sin_i.o)
    0x08007100   0x00000014   Code   RO        10121    i.__mathlib_dbl_infnan  m_wm.l(dunder.o)
    0x08007114   0x00000004   PAD
    0x08007118   0x00000020   Code   RO        10123    i.__mathlib_dbl_invalid  m_wm.l(dunder.o)
    0x08007138   0x00000020   Code   RO        10126    i.__mathlib_dbl_underflow  m_wm.l(dunder.o)
    0x08007158   0x00000006   Code   RO        10137    i.__mathlib_flt_infnan  m_wm.l(funder.o)
    0x0800715e   0x00000006   Code   RO        10138    i.__mathlib_flt_infnan2  m_wm.l(funder.o)
    0x08007164   0x00000010   Code   RO        10139    i.__mathlib_flt_invalid  m_wm.l(funder.o)
    0x08007174   0x00000010   Code   RO        10142    i.__mathlib_flt_underflow  m_wm.l(funder.o)
    0x08007184   0x0000000e   Code   RO        10214    i.__scatterload_copy  mc_w.l(handlers.o)
    0x08007192   0x00000002   Code   RO        10215    i.__scatterload_null  mc_w.l(handlers.o)
    0x08007194   0x0000000e   Code   RO        10216    i.__scatterload_zeroinit  mc_w.l(handlers.o)
    0x080071a2   0x00000002   PAD
    0x080071a4   0x0000000c   Code   RO        10188    i.__set_errno       mc_w.l(errno.o)
    0x080071b0   0x00000048   Code   RO         8043    i.abs_limit         pid.o
    0x080071f8   0x000001d0   Code   RO         9776    i.accel_comple_filter  AHRS.lib(ahrs.o)
    0x080073c8   0x0000018c   Code   RO         9777    i.accel_update_kp_ki  AHRS.lib(ahrs.o)
    0x08007554   0x0000016c   Code   RO         9778    i.angle_to_quat     AHRS.lib(ahrs.o)
    0x080076c0   0x0000002c   Code   RO         8174    i.append_crc16_check_sum  protocol.o
    0x080076ec   0x00000022   Code   RO         8175    i.append_crc8_check_sum  protocol.o
    0x0800770e   0x00000002   PAD
    0x08007710   0x000000c0   Code   RO         7510    i.can_msg_send_task  comm_task.o
    0x080077d0   0x000000a8   Code   RO         7962    i.chassis_direction_ctrl  keyboard.o
    0x08007878   0x0000002c   Code   RO         7921    i.chassis_dodge_ctrl  remote_ctrl.o
    0x080078a4   0x00000214   Code   RO         7329    i.chassis_dodge_handler  chassis_task.o
    0x08007ab8   0x0000003c   Code   RO         7963    i.chassis_face_ctrl  keyboard.o
    0x08007af4   0x00000050   Code   RO         7448    i.chassis_is_controllable  detect_task.o
    0x08007b44   0x00000138   Code   RO         7330    i.chassis_normal_handler  chassis_task.o
    0x08007c7c   0x00000094   Code   RO         7922    i.chassis_operation_func  remote_ctrl.o
    0x08007d10   0x0000009c   Code   RO         7331    i.chassis_param_init  chassis_task.o
    0x08007dac   0x00000398   Code   RO         7332    i.chassis_power_contorl  chassis_task.o
    0x08008144   0x0000001c   Code   RO         7333    i.chassis_stop_handler  chassis_task.o
    0x08008160   0x00000368   Code   RO         7334    i.chassis_task      chassis_task.o
    0x080084c8   0x0000001c   Code   RO         8426    i.client_layer0     judge_tx_data.o
    0x080084e4   0x0000001c   Code   RO         8427    i.client_layer0_1   judge_tx_data.o
    0x08008500   0x0000034c   Code   RO         8428    i.client_layer1     judge_tx_data.o
    0x0800884c   0x00000064   Code   RO         8429    i.client_layer2     judge_tx_data.o
    0x080088b0   0x00000148   Code   RO         8430    i.client_layer3     judge_tx_data.o
    0x080089f8   0x000000a8   Code   RO         8431    i.client_layer5     judge_tx_data.o
    0x08008aa0   0x00000038   Code   RO         8333    i.data_packet_pack  data_packet.o
    0x08008ad8   0x00000038   Code   RO         6636    i.delay_ms          delay.o
    0x08008b10   0x00000044   Code   RO         7449    i.detect_param_init  detect_task.o
    0x08008b54   0x00000034   Code   RO         7450    i.detect_task       detect_task.o
    0x08008b88   0x0000002e   Code   RO         8334    i.dma_buffer_to_unpack_buffer  data_packet.o
    0x08008bb6   0x00000002   PAD
    0x08008bb8   0x0000001c   Code   RO         8432    i.dynamic_ui_refresh  judge_tx_data.o
    0x08008bd4   0x00000066   Code   RO         7004    i.encoder_data_handler  bsp_can.o
    0x08008c3a   0x00000002   PAD
    0x08008c3c   0x00000018   Code   RO         7451    i.err_detector_hook  detect_task.o
    0x08008c54   0x000000a8   Code   RO         8044    i.f_Integral_Limit  pid.o
    0x08008cfc   0x00000004   PAD
    0x08008d00   0x000000a8   Code   RO         8045    i.f_PID_ErrorHandle  pid.o
    0x08008da8   0x00000018   Code   RO         9992    i.fabs              m_wm.l(fabs.o)
    0x08008dc0   0x00000044   Code   RO         8433    i.field_of_view_line  judge_tx_data.o
    0x08008e04   0x0000004a   Code   RO         8239    i.fifo_s_get        data_fifo.o
    0x08008e4e   0x0000006e   Code   RO         8240    i.fifo_s_gets       data_fifo.o
    0x08008ebc   0x0000002e   Code   RO         8241    i.fifo_s_init       data_fifo.o
    0x08008eea   0x00000072   Code   RO         8244    i.fifo_s_puts       data_fifo.o
    0x08008f5c   0x00000008   Code   RO         8245    i.fifo_used_count   data_fifo.o
    0x08008f64   0x00000018   Code   RO         8434    i.get_base_HP       judge_tx_data.o
    0x08008f7c   0x00000030   Code   RO         8133    i.get_buffer        power_control.o
    0x08008fac   0x00000038   Code   RO         7541    i.get_chassis_info  info_get_task.o
    0x08008fe4   0x0000001c   Code   RO         8134    i.get_chassis_max_power  power_control.o
    0x08009000   0x00000104   Code   RO         7738    i.get_chassis_mode  modeswitch_task.o
    0x08009104   0x00000030   Code   RO         8176    i.get_crc16_check_sum  protocol.o
    0x08009134   0x00000024   Code   RO         8177    i.get_crc8_check_sum  protocol.o
    0x08009158   0x00000070   Code   RO         7542    i.get_gimbal_info   info_get_task.o
    0x080091c8   0x00000018   Code   RO         7543    i.get_global_last_info  info_get_task.o
    0x080091e0   0x00000014   Code   RO         7739    i.get_last_mode     modeswitch_task.o
    0x080091f4   0x0000000e   Code   RO         7006    i.get_moto_offset   bsp_can.o
    0x08009202   0x0000002e   Code   RO         9781    i.get_pitch         AHRS.lib(ahrs.o)
    0x08009230   0x00000026   Code   RO         7544    i.get_relative_pos  info_get_task.o
    0x08009256   0x00000052   Code   RO         9782    i.get_roll          AHRS.lib(ahrs.o)
    0x080092a8   0x00000052   Code   RO         9783    i.get_yaw           AHRS.lib(ahrs.o)
    0x080092fa   0x00000002   PAD
    0x080092fc   0x00000084   Code   RO         7415    i.gimbal_task       gimbal_task.o
    0x08009380   0x00000038   Code   RO         8436    i.grapic_circle_fun  judge_tx_data.o
    0x080093b8   0x00000088   Code   RO         8437    i.grapic_data_init_fun  judge_tx_data.o
    0x08009440   0x0000003e   Code   RO         8438    i.grapic_line_fun   judge_tx_data.o
    0x0800947e   0x0000003e   Code   RO         8439    i.grapic_rectangle_fun  judge_tx_data.o
    0x080094bc   0x00000034   Code   RO         8440    i.grapic_string_fun  judge_tx_data.o
    0x080094f0   0x00000014   Code   RO         8441    i.grapic_struct_assignment_fun  judge_tx_data.o
    0x08009504   0x0000009c   Code   RO         7591    i.imu_cali_slove    imu_task.o
    0x080095a0   0x0000026c   Code   RO         7592    i.imu_task          imu_task.o
    0x0800980c   0x00000010   Code   RO          444    i.inHandlerMode     stm32_tim_base.o
    0x0800981c   0x000000dc   Code   RO         7545    i.info_get_task     info_get_task.o
    0x080098f8   0x00000058   Code   RO         7790    i.judge_rx_task     judge_task.o
    0x08009950   0x0000004c   Code   RO         7791    i.judge_tx_task     judge_task.o
    0x0800999c   0x00000148   Code   RO         8386    i.judgement_data_handler  judge_rx_data.o
    0x08009ae4   0x00000064   Code   RO         8387    i.judgement_rx_param_init  judge_rx_data.o
    0x08009b48   0x00000028   Code   RO         8443    i.judgement_tx_param_init  judge_tx_data.o
    0x08009b70   0x00000024   Code   RO         7964    i.kb_enable_hook    keyboard.o
    0x08009b94   0x00000054   Code   RO         7965    i.keyboard_chassis_hook  keyboard.o
    0x08009be8   0x000000c4   Code   RO            7    i.main              main.o
    0x08009cac   0x000001c0   Code   RO         7335    i.mecanum_calc      chassis_task.o
    0x08009e6c   0x00000098   Code   RO         7740    i.mode_switch_task  modeswitch_task.o
    0x08009f04   0x0000000c   Code   RO         7452    i.module_offline_callback  detect_task.o
    0x08009f10   0x0000003c   Code   RO         7453    i.module_offline_detect  detect_task.o
    0x08009f4c   0x00000018   Code   RO          445    i.osKernelSysTick   stm32_tim_base.o
    0x08009f64   0x00000024   Code   RO         5976    i.pcTaskGetName     tasks.o
    0x08009f88   0x000000d0   Code   RO         8047    i.pid_calc          pid.o
    0x0800a058   0x00000030   Code   RO         8048    i.pid_init          pid.o
    0x0800a088   0x00000034   Code   RO         8049    i.pid_reset         pid.o
    0x0800a0bc   0x00000060   Code   RO         7007    i.pit_encode        bsp_can.o
    0x0800a11c   0x00000044   Code   RO         8335    i.protocol_packet_pack  data_packet.o
    0x0800a160   0x00000078   Code   RO         5977    i.prvAddCurrentTaskToDelayedList  tasks.o
    0x0800a1d8   0x0000008c   Code   RO         5978    i.prvAddNewTaskToReadyList  tasks.o
    0x0800a264   0x00000050   Code   RO         6343    i.prvCheckForValidListAndQueue  timers.o
    0x0800a2b4   0x00000058   Code   RO         5979    i.prvCheckTasksWaitingTermination  tasks.o
    0x0800a30c   0x00000024   Code   RO         5732    i.prvCopyDataFromQueue  queue.o
    0x0800a330   0x0000006e   Code   RO         5733    i.prvCopyDataToQueue  queue.o
    0x0800a39e   0x00000014   Code   RO         5980    i.prvDeleteTCB      tasks.o
    0x0800a3b2   0x00000002   PAD
    0x0800a3b4   0x00000024   Code   RO         6344    i.prvGetNextExpireTime  timers.o
    0x0800a3d8   0x00000050   Code   RO         6485    i.prvHeapInit       heap_4.o
    0x0800a428   0x00000028   Code   RO         5981    i.prvIdleTask       tasks.o
    0x0800a450   0x00000018   Code   RO         5734    i.prvInitialiseMutex  queue.o
    0x0800a468   0x00000026   Code   RO         5735    i.prvInitialiseNewQueue  queue.o
    0x0800a48e   0x0000008c   Code   RO         5982    i.prvInitialiseNewTask  tasks.o
    0x0800a51a   0x00000002   PAD
    0x0800a51c   0x00000060   Code   RO         5983    i.prvInitialiseTaskLists  tasks.o
    0x0800a57c   0x0000005c   Code   RO         6486    i.prvInsertBlockIntoFreeList  heap_4.o
    0x0800a5d8   0x00000048   Code   RO         6346    i.prvInsertTimerInActiveList  timers.o
    0x0800a620   0x0000001a   Code   RO         5736    i.prvIsQueueEmpty   queue.o
    0x0800a63a   0x0000001e   Code   RO         5737    i.prvIsQueueFull    queue.o
    0x0800a658   0x00000072   Code   RO         5738    i.prvNotifyQueueSetContainer  queue.o
    0x0800a6ca   0x00000002   PAD
    0x0800a6cc   0x0000005c   Code   RO         6347    i.prvProcessExpiredTimer  timers.o
    0x0800a728   0x000000c8   Code   RO         6348    i.prvProcessReceivedCommands  timers.o
    0x0800a7f0   0x0000006c   Code   RO         6349    i.prvProcessTimerOrBlockTask  timers.o
    0x0800a85c   0x00000024   Code   RO         5985    i.prvResetNextTaskUnblockTime  tasks.o
    0x0800a880   0x0000002c   Code   RO         6350    i.prvSampleTimeNow  timers.o
    0x0800a8ac   0x0000005e   Code   RO         5986    i.prvSearchForNameWithinSingleList  tasks.o
    0x0800a90a   0x00000002   PAD
    0x0800a90c   0x00000074   Code   RO         6351    i.prvSwitchTimerLists  timers.o
    0x0800a980   0x00000018   Code   RO         5987    i.prvTaskCheckFreeStackSpace  tasks.o
    0x0800a998   0x00000030   Code   RO         6547    i.prvTaskExitError  port.o
    0x0800a9c8   0x00000014   Code   RO         6352    i.prvTimerTask      timers.o
    0x0800a9dc   0x0000007c   Code   RO         5739    i.prvUnlockQueue    queue.o
    0x0800aa58   0x000000e4   Code   RO         6487    i.pvPortMalloc      heap_4.o
    0x0800ab3c   0x00000018   Code   RO         5989    i.pvTaskIncrementMutexHeldCount  tasks.o
    0x0800ab54   0x0000002c   Code   RO         6548    i.pxPortInitialiseStack  port.o
    0x0800ab80   0x00000084   Code   RO         9784    i.quat_normalization  AHRS.lib(ahrs.o)
    0x0800ac04   0x00000020   Code   RO         7923    i.remote_ctrl_chassis_hook  remote_ctrl.o
    0x0800ac24   0x00000034   Code   RO         7008    i.send_cap_power_can  bsp_can.o
    0x0800ac58   0x0000005c   Code   RO         7009    i.send_chassis_cur  bsp_can.o
    0x0800acb4   0x00000078   Code   RO         7010    i.send_judge_to_gimbal  bsp_can.o
    0x0800ad2c   0x00000038   Code   RO         8336    i.send_packed_fifo_data  data_packet.o
    0x0800ad64   0x00000034   Code   RO         7011    i.send_trig_cur1    bsp_can.o
    0x0800ad98   0x00000088   Code   RO         7836    i.shoot_bullet_handler  shoot_task.o
    0x0800ae20   0x000000b0   Code   RO         8444    i.shoot_line        judge_tx_data.o
    0x0800aed0   0x00000068   Code   RO         7837    i.shoot_param_init  shoot_task.o
    0x0800af38   0x0000012c   Code   RO         7838    i.shoot_task        shoot_task.o
    0x0800b064   0x0000003e   Code   RO        10040    i.sqrtf             m_wm.l(sqrtf_full.o)
    0x0800b0a2   0x00000002   PAD
    0x0800b0a4   0x00000038   Code   RO         8445    i.staic_ui_refresh  judge_tx_data.o
    0x0800b0dc   0x000001c4   Code   RO          503    i.start_task        start_tack.o
    0x0800b2a0   0x0000034c   Code   RO         8446    i.ui_fun            judge_tx_data.o
    0x0800b5ec   0x00000144   Code   RO         8337    i.unpack_fifo_data  data_packet.o
    0x0800b730   0x0000007a   Code   RO         9785    i.update_w          AHRS.lib(ahrs.o)
    0x0800b7aa   0x00000002   PAD
    0x0800b7ac   0x00000070   Code   RO         8944    i.usbd_cdc_DataIn   usbd_cdc_core.o
    0x0800b81c   0x00000034   Code   RO         8945    i.usbd_cdc_DataOut  usbd_cdc_core.o
    0x0800b850   0x0000002c   Code   RO         8946    i.usbd_cdc_DeInit   usbd_cdc_core.o
    0x0800b87c   0x00000028   Code   RO         8947    i.usbd_cdc_EP0_RxReady  usbd_cdc_core.o
    0x0800b8a4   0x00000054   Code   RO         8948    i.usbd_cdc_Init     usbd_cdc_core.o
    0x0800b8f8   0x00000020   Code   RO         8949    i.usbd_cdc_SOF      usbd_cdc_core.o
    0x0800b918   0x000000ac   Code   RO         8950    i.usbd_cdc_Setup    usbd_cdc_core.o
    0x0800b9c4   0x00000024   Code   RO         5683    i.uxListRemove      list.o
    0x0800b9e8   0x00000014   Code   RO         5992    i.uxTaskGetStackHighWaterMark  tasks.o
    0x0800b9fc   0x00000016   Code   RO         5684    i.vListInitialise   list.o
    0x0800ba12   0x00000006   Code   RO         5685    i.vListInitialiseItem  list.o
    0x0800ba18   0x00000036   Code   RO         5686    i.vListInsert       list.o
    0x0800ba4e   0x00000018   Code   RO         5687    i.vListInsertEnd    list.o
    0x0800ba66   0x00000002   PAD
    0x0800ba68   0x00000040   Code   RO         6550    i.vPortEnterCritical  port.o
    0x0800baa8   0x0000002c   Code   RO         6551    i.vPortExitCritical  port.o
    0x0800bad4   0x0000005c   Code   RO         6488    i.vPortFree         heap_4.o
    0x0800bb30   0x00000020   Code   RO         6552    i.vPortSetupTimerInterrupt  port.o
    0x0800bb50   0x00000054   Code   RO         6553    i.vPortValidateInterruptPriority  port.o
    0x0800bba4   0x00000028   Code   RO         5745    i.vQueueAddToRegistry  queue.o
    0x0800bbcc   0x0000004a   Code   RO         5749    i.vQueueWaitForMessageRestricted  queue.o
    0x0800bc16   0x00000002   PAD
    0x0800bc18   0x0000009c   Code   RO         5999    i.vTaskDelayUntil   tasks.o
    0x0800bcb4   0x000000b0   Code   RO         6000    i.vTaskDelete       tasks.o
    0x0800bd64   0x0000000c   Code   RO         6003    i.vTaskMissedYield  tasks.o
    0x0800bd70   0x000000c0   Code   RO         6004    i.vTaskNotifyGiveFromISR  tasks.o
    0x0800be30   0x00000034   Code   RO         6005    i.vTaskPlaceOnEventList  tasks.o
    0x0800be64   0x0000003c   Code   RO         6006    i.vTaskPlaceOnEventListRestricted  tasks.o
    0x0800bea0   0x0000008c   Code   RO         6008    i.vTaskPriorityInherit  tasks.o
    0x0800bf2c   0x00000024   Code   RO         6012    i.vTaskSetTimeOutState  tasks.o
    0x0800bf50   0x00000084   Code   RO         6013    i.vTaskStartScheduler  tasks.o
    0x0800bfd4   0x00000010   Code   RO         6015    i.vTaskSuspendAll   tasks.o
    0x0800bfe4   0x00000060   Code   RO         6016    i.vTaskSwitchContext  tasks.o
    0x0800c044   0x00000012   Code   RO         8447    i.value_refalsh     judge_tx_data.o
    0x0800c056   0x00000002   PAD
    0x0800c058   0x00000044   Code   RO         8178    i.verify_crc16_check_sum  protocol.o
    0x0800c09c   0x00000030   Code   RO         8179    i.verify_crc8_check_sum  protocol.o
    0x0800c0cc   0x000000f4   Code   RO         6554    i.xPortStartScheduler  port.o
    0x0800c1c0   0x0000002c   Code   RO         6555    i.xPortSysTickHandler  port.o
    0x0800c1ec   0x00000018   Code   RO         5752    i.xQueueCreateMutex  queue.o
    0x0800c204   0x00000044   Code   RO         5754    i.xQueueGenericCreate  queue.o
    0x0800c248   0x00000194   Code   RO         5755    i.xQueueGenericReceive  queue.o
    0x0800c3dc   0x00000090   Code   RO         5756    i.xQueueGenericReset  queue.o
    0x0800c46c   0x00000188   Code   RO         5757    i.xQueueGenericSend  queue.o
    0x0800c5f4   0x000000d4   Code   RO         5758    i.xQueueGenericSendFromISR  queue.o
    0x0800c6c8   0x00000078   Code   RO         6017    i.xTaskCheckForTimeOut  tasks.o
    0x0800c740   0x00000068   Code   RO         6018    i.xTaskCreate       tasks.o
    0x0800c7a8   0x000000d0   Code   RO         6019    i.xTaskGenericNotify  tasks.o
    0x0800c878   0x000000fc   Code   RO         6020    i.xTaskGenericNotifyFromISR  tasks.o
    0x0800c974   0x0000008c   Code   RO         6022    i.xTaskGetHandle    tasks.o
    0x0800ca00   0x0000001c   Code   RO         6023    i.xTaskGetSchedulerState  tasks.o
    0x0800ca1c   0x0000000c   Code   RO         6024    i.xTaskGetTickCount  tasks.o
    0x0800ca28   0x00000010   Code   RO         6025    i.xTaskGetTickCountFromISR  tasks.o
    0x0800ca38   0x000000d0   Code   RO         6026    i.xTaskIncrementTick  tasks.o
    0x0800cb08   0x00000090   Code   RO         6028    i.xTaskNotifyWait   tasks.o
    0x0800cb98   0x0000009c   Code   RO         6029    i.xTaskPriorityDisinherit  tasks.o
    0x0800cc34   0x00000078   Code   RO         6030    i.xTaskRemoveFromEventList  tasks.o
    0x0800ccac   0x000000cc   Code   RO         6032    i.xTaskResumeAll    tasks.o
    0x0800cd78   0x00000054   Code   RO         6356    i.xTimerCreateTimerTask  timers.o
    0x0800cdcc   0x00000074   Code   RO         6357    i.xTimerGenericCommand  timers.o
    0x0800ce40   0x00000300   Data   RO         8181    .constdata          protocol.o
    0x0800d140   0x0000000c   Data   RO         9786    .constdata          AHRS.lib(ahrs.o)
    0x0800d14c   0x00000804   Data   RO         9919    .constdata          arm_cortexM4lf_math.lib(arm_common_tables.o)
    0x0800d950   0x00000030   Data   RO        10118    .constdata          m_wm.l(cos_i.o)
    0x0800d980   0x000000c8   Data   RO        10152    .constdata          m_wm.l(rred.o)
    0x0800da48   0x00000028   Data   RO        10159    .constdata          m_wm.l(sin_i.o)
    0x0800da70   0x00000040   Data   RO        10212    Region$$Table       anon$$obj.o


    Execution Region RW_IRAM2 (Base: 0x10000000, Size: 0x00001e00, Max: 0x00010000, ABSOLUTE, COMPRESSED[0x000000a8])

    Base Addr    Size         Type   Attr      Idx    E Section Name        Object

    0x10000000   0x00000001   Data   RW            9    .data               main.o
    0x10000001   0x00000003   PAD
    0x10000004   0x00000004   Data   RW          446    .data               stm32_tim_base.o
    0x10000008   0x0000002c   Data   RW          504    .data               start_tack.o
    0x10000034   0x0000001c   Data   RW          594    .data               usbd_desc.o
    0x10000050   0x00000010   Data   RW         3404    .data               stm32f4xx_rcc.o
    0x10000060   0x00000018   Data   RW         6493    .data               heap_4.o
    0x10000078   0x00000004   Data   RW         6638    .data               delay.o
    0x1000007c   0x00000001   Data   RW         6677    .data               gpio.o
    0x1000007d   0x00000001   PAD
    0x1000007e   0x00000002   Data   RW         6835    .data               rc.o
    0x10000080   0x00000010   Data   RW         7191    .data               bsp_dwt.o
    0x10000090   0x0000000c   Data   RW         7243    .data               bsp_usb.o
    0x1000009c   0x00000014   Data   RW         7244    .data               bsp_usb.o
    0x100000b0   0x00000004   Data   RW         7456    .data               detect_task.o
    0x100000b4   0x0000000c   Data   RW         7741    .data               modeswitch_task.o
    0x100000c0   0x00000004   Data   RW         7794    .data               judge_task.o
    0x100000c4   0x00000018   Data   RW         7840    .data               shoot_task.o
    0x100000dc   0x00000008   Data   RW         7925    .data               remote_ctrl.o
    0x100000e4   0x0000000c   Data   RW         8450    .data               judge_tx_data.o
    0x100000f0   0x0000006b   Data   RW         8953    .data               usbd_cdc_core.o
    0x1000015b   0x00000001   PAD
    0x1000015c   0x0000002c   Data   RW         9040    .data               usbd_core.o
    0x10000188   0x00000004   Data   RW         9042    .data               usbd_core.o
    0x1000018c   0x00000010   Data   RW         9787    .data               AHRS.lib(ahrs.o)
    0x1000019c   0x00000040   Zero   RW          593    .bss                usbd_desc.o
    0x100001dc   0x000002e4   Zero   RW         6034    .bss                tasks.o
    0x100004c0   0x00000010   Zero   RW         6757    .bss                usart.o
    0x100004d0   0x00000023   Zero   RW         6834    .bss                rc.o
    0x100004f3   0x00000a48   Zero   RW         6876    .bss                dma.o
    0x10000f3b   0x00000001   PAD
    0x10000f3c   0x0000003c   Zero   RW         7013    .bss                bsp_can.o
    0x10000f78   0x00000040   Zero   RW         7242    .bss                bsp_usb.o
    0x10000fb8   0x00000028   Zero   RW         7336    .bss                chassis_task.o
    0x10000fe0   0x00000110   Zero   RW         7454    .bss                detect_task.o
    0x100010f0   0x00000130   Zero   RW         8055    .bss                pid.o
    0x10001220   0x0000004c   Zero   RW         8056    .bss                pid.o
    0x1000126c   0x0000004c   Zero   RW         8057    .bss                pid.o
    0x100012b8   0x0000004c   Zero   RW         8062    .bss                pid.o
    0x10001304   0x0000004c   Zero   RW         8064    .bss                pid.o
    0x10001350   0x0000004c   Zero   RW         8066    .bss                pid.o
    0x1000139c   0x0000004c   Zero   RW         8068    .bss                pid.o
    0x100013e8   0x000000c8   Zero   RW         8338    .bss                data_packet.o
    0x100014b0   0x000002c0   Zero   RW         8388    .bss                judge_rx_data.o
    0x10001770   0x00000690   Zero   RW         8449    .bss                judge_tx_data.o


    Execution Region RW_IRAM1 (Base: 0x20000000, Size: 0x00011e08, Max: 0x00020000, ABSOLUTE, COMPRESSED[0x000000f4])

    Base Addr    Size         Type   Attr      Idx    E Section Name        Object

    0x20000000   0x00000014   Data   RW          402    .data               system_stm32f4xx.o
    0x20000014   0x00000030   Data   RW          595    .data               usbd_desc.o
    0x20000044   0x0000001c   Data   RW          678    .data               usbd_usr.o
    0x20000060   0x0000003c   Data   RW         6035    .data               tasks.o
    0x2000009c   0x00000014   Data   RW         6363    .data               timers.o
    0x200000b0   0x0000000c   Data   RW         6556    .data               port.o
    0x200000bc   0x00000001   Data   RW         6758    .data               usart.o
    0x200000bd   0x00000003   PAD
    0x200000c0   0x00000010   Data   RW         7015    .data               bsp_can.o
    0x200000d0   0x00000004   Data   RW         7016    .data               bsp_can.o
    0x200000d4   0x00000004   PAD
    0x200000d8   0x00000104   Data   RW         7337    .data               chassis_task.o
    0x200001dc   0x0000000c   Data   RW         7417    .data               gimbal_task.o
    0x200001e8   0x00000004   Data   RW         7512    .data               comm_task.o
    0x200001ec   0x00000008   Data   RW         7546    .data               info_get_task.o
    0x200001f4   0x00000064   Data   RW         7604    .data               imu_task.o
    0x20000258   0x0000000c   Data   RW         8135    .data               power_control.o
    0x20000264   0x00000002   Data   RW         8182    .data               protocol.o
    0x20000266   0x00000002   PAD
    0x20000268   0x00000008   Data   RW         8389    .data               judge_rx_data.o
    0x20000270   0x00000044   Data   RW         8596    .data               bmi088driver.o
    0x200002b4   0x0000002c   Data   RW         8954    .data               usbd_cdc_core.o
    0x200002e0   0x00000004   Data   RW         9041    .data               usbd_core.o
    0x200002e4   0x00000010   Data   RW         9203    .data               usbd_req.o
    0x200002f4   0x00000004   Data   RW        10189    .data               mc_w.l(errno.o)
    0x200002f8   0x000005f4   Zero   RW            8    .bss                main.o
    0x200008ec   0x00000040   Zero   RW         5769    .bss                queue.o
    0x2000092c   0x00000028   Zero   RW         6362    .bss                timers.o
    0x20000954   0x0000c800   Zero   RW         6492    .bss                heap_4.o
    0x2000d154   0x00000190   Zero   RW         7012    .bss                bsp_can.o
    0x2000d2e4   0x0000000c   Zero   RW         7144    .bss                bsp_flash.o
    0x2000d2f0   0x00000070   Zero   RW         7416    .bss                gimbal_task.o
    0x2000d360   0x00000018   Zero   RW         7511    .bss                comm_task.o
    0x2000d378   0x000000ac   Zero   RW         7596    .bss                imu_task.o
    0x2000d424   0x00000014   Zero   RW         7924    .bss                remote_ctrl.o
    0x2000d438   0x00000028   Zero   RW         7966    .bss                keyboard.o
    0x2000d460   0x0000004c   Zero   RW         8058    .bss                pid.o
    0x2000d4ac   0x0000004c   Zero   RW         8063    .bss                pid.o
    0x2000d4f8   0x0000004c   Zero   RW         8065    .bss                pid.o
    0x2000d544   0x0000004c   Zero   RW         8067    .bss                pid.o
    0x2000d590   0x00000034   Zero   RW         8594    .bss                bmi088driver.o
    0x2000d5c4   0x00000840   Zero   RW         8952    .bss                usbd_cdc_core.o
    0x2000de04   0x00000004   PAD
    0x2000de08   0x00004000   Zero   RW          738    STACK               startup_stm32f407xx.o


==============================================================================

Image component sizes


      Code (inc. data)   RO Data    RW Data    ZI Data      Debug   Object Name

        70          6          0          0          0       5044   ahrs_middleware.o
       386          6          0         68         52       6871   bmi088driver.o
       128         24          0          0          0       2787   bmi088middleware.o
      1920        138          0         20        460      13605   bsp_can.o
       116         28          0         16          0       2229   bsp_dwt.o
       502          4          0          0         12       4331   bsp_flash.o
        42          0          0          0          0       1070   bsp_iwdg.o
       216         26          0         32         64       4624   bsp_usb.o
       516         18          0          0          0       2044   can.o
      3268        376          0        260         40      11254   chassis_task.o
       192         16          0          4         24       1788   comm_task.o
       352          0          0          0          0       3917   data_fifo.o
       550         18          0          0        200       5035   data_packet.o
       100         12          0          4          0       1302   delay.o
       296         40          0          4        272       5213   detect_task.o
       568         62          0          0       2632       3997   dma.o
         0          0          0          0          0       9364   event_groups.o
       132         16          0         12        112       2338   gimbal_task.o
       520         40          0          1          0       2691   gpio.o
       492         32          0         24      51200       4571   heap_4.o
       856         94          0        100        172       6635   imu_task.o
       450         80          0          8          0       3149   info_get_task.o
       428         38          0          8        704       6928   judge_rx_data.o
       384         60          0          4          0       3414   judge_task.o
      3202        360          0         12       1680      22987   judge_tx_data.o
       348         54          0          0         40       3301   keyboard.o
       142          0          0          0          0       3254   list.o
       224         24          0          1       1524     361160   main.o
       164         10          0          0          0       2181   misc.o
       432         62          0         12          0       4463   modeswitch_task.o
       872         46          0          0       1064       7530   pid.o
       786         96          0         12          0      11321   port.o
       888         80          0         12          0       3791   power_control.o
       278         20        768          2          0       5002   protocol.o
      1860         22          0          0         64      16373   queue.o
       212         26          0          2         35       1805   rc.o
       224         40          0          8         20       2487   remote_ctrl.o
       540         74          0         24          0       3869   shoot_task.o
       228         14          0          0          0        713   spi.o
       154          6          0          0          0       2627   st_usb_cdc.o
       500        258          0         44          0     248170   start_tack.o
        36          8        392          0      16384        836   startup_stm32f407xx.o
       220         24          0          4          0       5293   stm32_tim_base.o
      1416         28          0          0          0       7362   stm32f4xx_can.o
       934        164          0          0          0      11202   stm32f4xx_dma.o
       176         18          0          0          0       2192   stm32f4xx_exti.o
       376         48          0          0          0       5282   stm32f4xx_flash.o
       206          0          0          0          0       3555   stm32f4xx_gpio.o
        32          0          0          0          0       3243   stm32f4xx_it.o
        68         30          0          0          0       2570   stm32f4xx_iwdg.o
       424         60          0         16          0       7962   stm32f4xx_rcc.o
       108          0          0          0          0       1789   stm32f4xx_spi.o
        46          0          0          0          0        644   stm32f4xx_syscfg.o
       692          8          0          0          0       9704   stm32f4xx_tim.o
       658          6          0          0          0       8066   stm32f4xx_usart.o
       288         48          0         20          0       1823   system_stm32f4xx.o
      3658        328          0         60        740      33462   tasks.o
       376         18          0          0          0       1637   tim.o
       968         96          0         20         40      17723   timers.o
       820         58          0          1         16       4037   usart.o
      2460         30          0          0          0      23104   usb_core.o
       522          0          0          0          0       6372   usb_dcd.o
      1802        112          0          0          0      10599   usb_dcd_int.o
       676         86          0        151       2112       9658   usbd_cdc_core.o
       666          4          0         52          0      11204   usbd_core.o
       386        134          0         76         64       6779   usbd_desc.o
       168          0          0          0          0       4656   usbd_ioreq.o
      1492         62          0         16          0      11726   usbd_req.o
        14          0          0         28          0       3453   usbd_usr.o

    ----------------------------------------------------------------------
     43292       3700       1224       1152      79732    1031168   Object Totals
         0          0         64          0          0          0   (incl. Generated)
        66          4          0         14          5          0   (incl. Padding)

    ----------------------------------------------------------------------

      Code (inc. data)   RO Data    RW Data    ZI Data      Debug   Library Member Name

      2696         84         12         16          0      10919   ahrs.o
         0          0       2052          0          0       4636   arm_common_tables.o
       120         12          0          0          0      16970   arm_cos_f32.o
       116         12          0          0          0        658   arm_sin_f32.o
       300         42          0          0          0        176   asinf.o
       592         90          0          0          0        184   atan2f.o
       200         20          0          0          0        164   cos.o
       368         46         48          0          0        200   cos_i.o
        84         16          0          0          0        372   dunder.o
        44          0          0          0          0        248   fabs.o
       260          6          0          0          0        144   fmod.o
        48          0          0          0          0        124   fpclassify.o
        38          0          0          0          0        116   fpclassifyf.o
        44         12          0          0          0        464   funder.o
       248          0          0          0          0        152   poly.o
      1080        142        200          0          0        188   rred.o
       200         20          0          0          0        164   sin.o
       304         24         40          0          0        208   sin_i.o
       122          0          0          0          0        148   sqrt_full.o
       120          0          0          0          0        272   sqrtf_full.o
        86          0          0          0          0          0   __dczerorl2.o
         0          0          0          0          0          0   entry.o
         0          0          0          0          0          0   entry10a.o
         0          0          0          0          0          0   entry11a.o
         8          4          0          0          0          0   entry2.o
         4          0          0          0          0          0   entry5.o
         0          0          0          0          0          0   entry7b.o
         0          0          0          0          0          0   entry8b.o
         8          4          0          0          0          0   entry9a.o
        12          6          0          4          0         68   errno.o
        30          0          0          0          0          0   handlers.o
        36          8          0          0          0         68   init.o
         0          0          0          0          0          0   iusefp.o
        30          0          0          0          0         68   llshl.o
        36          0          0          0          0         68   llsshr.o
        32          0          0          0          0         68   llushr.o
        36          0          0          0          0         68   memcpya.o
        36          0          0          0          0        108   memseta.o
        14          0          0          0          0         68   strlen.o
        48          0          0          0          0         68   cdcmple.o
        48          0          0          0          0         68   cdrcmple.o
        56          0          0          0          0         88   d2f.o
       334          0          0          0          0        148   dadd.o
       222          0          0          0          0        100   ddiv.o
       186          0          0          0          0        176   depilogue.o
        62          0          0          0          0         80   dfixi.o
        50          0          0          0          0         76   dfixui.o
        34          0          0          0          0         76   dflti.o
        26          0          0          0          0         76   dfltui.o
       228          0          0          0          0         96   dmul.o
       134          0          0          0          0         96   drem.o
       162          0          0          0          0        100   dsqrt.o
        38          0          0          0          0         68   f2d.o
       110          0          0          0          0        168   fepilogue.o

    ----------------------------------------------------------------------
      9116        548       2352         20          0      38575   Library Totals
        26          0          0          0          0          0   (incl. Padding)

    ----------------------------------------------------------------------

      Code (inc. data)   RO Data    RW Data    ZI Data      Debug   Library Name

      2696         84         12         16          0      10919   AHRS.lib
       236         24       2052          0          0      22264   arm_cortexM4lf_math.lib
      4052        418        288          0          0       3324   m_wm.l
       368         22          0          4          0        584   mc_w.l
      1738          0          0          0          0       1484   mf_w.l

    ----------------------------------------------------------------------
      9116        548       2352         20          0      38575   Library Totals

    ----------------------------------------------------------------------

==============================================================================


      Code (inc. data)   RO Data    RW Data    ZI Data      Debug   

     52408       4248       3576       1172      79732    1021887   Grand Totals
     52408       4248       3576        412      79732    1021887   ELF Image Totals (compressed)
     52408       4248       3576        412          0          0   ROM Totals

==============================================================================

    Total RO  Size (Code + RO Data)                55984 (  54.67kB)
    Total RW  Size (RW Data + ZI Data)             80904 (  79.01kB)
    Total ROM Size (Code + RO Data + RW Data)      56396 (  55.07kB)

==============================================================================

